<html>
<body>
<pre>
<h1>礦ision Build Log</h1>
<h2>Tool Versions:</h2>
IDE-Version: μVision V5.23.0.0
Copyright (C) 2017 ARM Ltd and ARM Germany GmbH. All rights reserved.
License Information: hu hu, hu, LIC=ATTBS-LGSPH-ZWN2V-PZWP7-5DIAQ-9JK0M
 
Tool Versions:
Toolchain:       MDK-ARM Plus  Version: 5.23
Toolchain Path:  D:\Keil_v5\ARM\ARMCC\Bin
C Compiler:      Armcc.exe V5.06 update 4 (build 422)
Assembler:       Armasm.exe V5.06 update 4 (build 422)
Linker/Locator:  ArmLink.exe V5.06 update 4 (build 422)
Library Manager: ArmAr.exe V5.06 update 4 (build 422)
Hex Converter:   FromElf.exe V5.06 update 4 (build 422)
CPU DLL:         SARMCM3.DLL V5.23
Dialog DLL:      DCM.DLL V1.15.0.0
Target DLL:      Segger\JL2CM3.dll V2.99.23.0
Dialog DLL:      TCM.DLL V1.27.0.0
 
<h2>Project:</h2>
G:\CODE\Embedded\armfly_v6\RL-TCPnet\Project\MDK-ARM(uV4)\project.uvproj
Project File Date:  04/24/2017

<h2>Output:</h2>
*** Using Compiler 'V5.06 update 4 (build 422)', folder: 'D:\Keil_v5\ARM\ARMCC\Bin'
Rebuild target 'Flash'
compiling Net_Debug.c...
compiling Net_Config.c...
compiling main.c...
compiling bsp.c...
compiling app_tcpnet_lib.c...
compiling bsp_led.c...
compiling bsp_key.c...
compiling bsp_timer.c...
compiling stm32f4xx_it.c...
compiling bsp_uart_fifo.c...
compiling bsp_ext_io.c...
assembling startup_stm32f429_439xx.s...
compiling stm32f4xx_assert.c...
compiling misc.c...
compiling stm32f4xx_usart.c...
compiling stm32f4xx_syscfg.c...
compiling stm32f4xx_gpio.c...
compiling stm32f4xx_rcc.c...
compiling stm32f4xx_fmc.c...
compiling stm32f4xx_tim.c...
compiling stm32f4xx_exti.c...
compiling system_stm32f4xx.c...
compiling ETH_STM32F4xx.c...
linking...
Program Size: Code=33608 RO-data=972 RW-data=176 ZI-data=24496  
FromELF: creating hex file...
After Build - User command #1: CopyHex_Flash.bat
G:\CODE\Embedded\armfly_v6\RL-TCPnet\Project\MDK-ARM(uV4)>copy Flash\Obj\output.hex ..\output(mdk).hex 
已复制         1 个文件。
".\Flash\Obj\output.axf" - 0 Error(s), 0 Warning(s).
Build Time Elapsed:  00:00:23
</pre>
</body>
</html>
