<!doctype html public "-//w3c//dtd html 4.0 transitional//en">
<html><head>
<title>Static Call Graph - [.\Flash\Obj\output.axf]</title></head>
<body><HR>
<H1>Static Call Graph for image .\Flash\Obj\output.axf</H1><HR>
<BR><P>#&#060CALLGRAPH&#062# ARM Linker, 5060422: Last Updated: Tue Oct 23 22:24:12 2018
<BR><P>
<H3>Maximum Stack Usage =        272 bytes + Unknown(Cycles, Untraceable Function Pointers)</H3><H3>
Call chain for Maximum Stack Depth:</H3>
main &rArr; TCPnetTest &rArr; tcpnet_poll &rArr; main_TcpNet &rArr; run_system &rArr; eth_run_link &rArr; tcp_process &rArr; tcp_send_reset &rArr; tcp_write &rArr; ip_send_frame &rArr; eth_send_frame &rArr; arp_cache_find &rArr; arp_send_request &rArr; debug_info
<P>
<H3>
Mutually Recursive functions
</H3> <LI><a href="#[6]">SVC_Handler</a>&nbsp;&nbsp;&nbsp;&rArr;&nbsp;&nbsp;&nbsp;<a href="#[6]">SVC_Handler</a><BR>
 <LI><a href="#[8]">PendSV_Handler</a>&nbsp;&nbsp;&nbsp;&rArr;&nbsp;&nbsp;&nbsp;<a href="#[8]">PendSV_Handler</a><BR>
 <LI><a href="#[1c]">ADC_IRQHandler</a>&nbsp;&nbsp;&nbsp;&rArr;&nbsp;&nbsp;&nbsp;<a href="#[1c]">ADC_IRQHandler</a><BR>
 <LI><a href="#[f0]">mem_set</a>&nbsp;&nbsp;&nbsp;&rArr;&nbsp;&nbsp;&nbsp;<a href="#[f0]">mem_set</a><BR>
 <LI><a href="#[121]">str_up_case</a>&nbsp;&nbsp;&nbsp;&rArr;&nbsp;&nbsp;&nbsp;<a href="#[121]">str_up_case</a><BR>
</UL>
<P>
<H3>
Function Pointers
</H3><UL>
 <LI><a href="#[1c]">ADC_IRQHandler</a> from startup_stm32f429_439xx.o(.text) referenced from startup_stm32f429_439xx.o(RESET)
 <LI><a href="#[4]">BusFault_Handler</a> from stm32f4xx_it.o(i.BusFault_Handler) referenced from startup_stm32f429_439xx.o(RESET)
 <LI><a href="#[1e]">CAN1_RX0_IRQHandler</a> from startup_stm32f429_439xx.o(.text) referenced from startup_stm32f429_439xx.o(RESET)
 <LI><a href="#[1f]">CAN1_RX1_IRQHandler</a> from startup_stm32f429_439xx.o(.text) referenced from startup_stm32f429_439xx.o(RESET)
 <LI><a href="#[20]">CAN1_SCE_IRQHandler</a> from startup_stm32f429_439xx.o(.text) referenced from startup_stm32f429_439xx.o(RESET)
 <LI><a href="#[1d]">CAN1_TX_IRQHandler</a> from startup_stm32f429_439xx.o(.text) referenced from startup_stm32f429_439xx.o(RESET)
 <LI><a href="#[4a]">CAN2_RX0_IRQHandler</a> from startup_stm32f429_439xx.o(.text) referenced from startup_stm32f429_439xx.o(RESET)
 <LI><a href="#[4b]">CAN2_RX1_IRQHandler</a> from startup_stm32f429_439xx.o(.text) referenced from startup_stm32f429_439xx.o(RESET)
 <LI><a href="#[4c]">CAN2_SCE_IRQHandler</a> from startup_stm32f429_439xx.o(.text) referenced from startup_stm32f429_439xx.o(RESET)
 <LI><a href="#[49]">CAN2_TX_IRQHandler</a> from startup_stm32f429_439xx.o(.text) referenced from startup_stm32f429_439xx.o(RESET)
 <LI><a href="#[59]">CRYP_IRQHandler</a> from startup_stm32f429_439xx.o(.text) referenced from startup_stm32f429_439xx.o(RESET)
 <LI><a href="#[58]">DCMI_IRQHandler</a> from startup_stm32f429_439xx.o(.text) referenced from startup_stm32f429_439xx.o(RESET)
 <LI><a href="#[15]">DMA1_Stream0_IRQHandler</a> from startup_stm32f429_439xx.o(.text) referenced from startup_stm32f429_439xx.o(RESET)
 <LI><a href="#[16]">DMA1_Stream1_IRQHandler</a> from startup_stm32f429_439xx.o(.text) referenced from startup_stm32f429_439xx.o(RESET)
 <LI><a href="#[17]">DMA1_Stream2_IRQHandler</a> from startup_stm32f429_439xx.o(.text) referenced from startup_stm32f429_439xx.o(RESET)
 <LI><a href="#[18]">DMA1_Stream3_IRQHandler</a> from startup_stm32f429_439xx.o(.text) referenced from startup_stm32f429_439xx.o(RESET)
 <LI><a href="#[19]">DMA1_Stream4_IRQHandler</a> from startup_stm32f429_439xx.o(.text) referenced from startup_stm32f429_439xx.o(RESET)
 <LI><a href="#[1a]">DMA1_Stream5_IRQHandler</a> from startup_stm32f429_439xx.o(.text) referenced from startup_stm32f429_439xx.o(RESET)
 <LI><a href="#[1b]">DMA1_Stream6_IRQHandler</a> from startup_stm32f429_439xx.o(.text) referenced from startup_stm32f429_439xx.o(RESET)
 <LI><a href="#[39]">DMA1_Stream7_IRQHandler</a> from startup_stm32f429_439xx.o(.text) referenced from startup_stm32f429_439xx.o(RESET)
 <LI><a href="#[64]">DMA2D_IRQHandler</a> from startup_stm32f429_439xx.o(.text) referenced from startup_stm32f429_439xx.o(RESET)
 <LI><a href="#[42]">DMA2_Stream0_IRQHandler</a> from startup_stm32f429_439xx.o(.text) referenced from startup_stm32f429_439xx.o(RESET)
 <LI><a href="#[43]">DMA2_Stream1_IRQHandler</a> from startup_stm32f429_439xx.o(.text) referenced from startup_stm32f429_439xx.o(RESET)
 <LI><a href="#[44]">DMA2_Stream2_IRQHandler</a> from startup_stm32f429_439xx.o(.text) referenced from startup_stm32f429_439xx.o(RESET)
 <LI><a href="#[45]">DMA2_Stream3_IRQHandler</a> from startup_stm32f429_439xx.o(.text) referenced from startup_stm32f429_439xx.o(RESET)
 <LI><a href="#[46]">DMA2_Stream4_IRQHandler</a> from startup_stm32f429_439xx.o(.text) referenced from startup_stm32f429_439xx.o(RESET)
 <LI><a href="#[4e]">DMA2_Stream5_IRQHandler</a> from startup_stm32f429_439xx.o(.text) referenced from startup_stm32f429_439xx.o(RESET)
 <LI><a href="#[4f]">DMA2_Stream6_IRQHandler</a> from startup_stm32f429_439xx.o(.text) referenced from startup_stm32f429_439xx.o(RESET)
 <LI><a href="#[50]">DMA2_Stream7_IRQHandler</a> from startup_stm32f429_439xx.o(.text) referenced from startup_stm32f429_439xx.o(RESET)
 <LI><a href="#[7]">DebugMon_Handler</a> from stm32f4xx_it.o(i.DebugMon_Handler) referenced from startup_stm32f429_439xx.o(RESET)
 <LI><a href="#[47]">ETH_IRQHandler</a> from eth_stm32f4xx.o(i.ETH_IRQHandler) referenced from startup_stm32f429_439xx.o(RESET)
 <LI><a href="#[48]">ETH_WKUP_IRQHandler</a> from startup_stm32f429_439xx.o(.text) referenced from startup_stm32f429_439xx.o(RESET)
 <LI><a href="#[10]">EXTI0_IRQHandler</a> from startup_stm32f429_439xx.o(.text) referenced from startup_stm32f429_439xx.o(RESET)
 <LI><a href="#[32]">EXTI15_10_IRQHandler</a> from startup_stm32f429_439xx.o(.text) referenced from startup_stm32f429_439xx.o(RESET)
 <LI><a href="#[11]">EXTI1_IRQHandler</a> from startup_stm32f429_439xx.o(.text) referenced from startup_stm32f429_439xx.o(RESET)
 <LI><a href="#[12]">EXTI2_IRQHandler</a> from startup_stm32f429_439xx.o(.text) referenced from startup_stm32f429_439xx.o(RESET)
 <LI><a href="#[13]">EXTI3_IRQHandler</a> from startup_stm32f429_439xx.o(.text) referenced from startup_stm32f429_439xx.o(RESET)
 <LI><a href="#[14]">EXTI4_IRQHandler</a> from startup_stm32f429_439xx.o(.text) referenced from startup_stm32f429_439xx.o(RESET)
 <LI><a href="#[21]">EXTI9_5_IRQHandler</a> from eth_stm32f4xx.o(i.EXTI9_5_IRQHandler) referenced from startup_stm32f429_439xx.o(RESET)
 <LI><a href="#[e]">FLASH_IRQHandler</a> from startup_stm32f429_439xx.o(.text) referenced from startup_stm32f429_439xx.o(RESET)
 <LI><a href="#[3a]">FMC_IRQHandler</a> from startup_stm32f429_439xx.o(.text) referenced from startup_stm32f429_439xx.o(RESET)
 <LI><a href="#[5b]">FPU_IRQHandler</a> from startup_stm32f429_439xx.o(.text) referenced from startup_stm32f429_439xx.o(RESET)
 <LI><a href="#[5a]">HASH_RNG_IRQHandler</a> from startup_stm32f429_439xx.o(.text) referenced from startup_stm32f429_439xx.o(RESET)
 <LI><a href="#[2]">HardFault_Handler</a> from stm32f4xx_it.o(i.HardFault_Handler) referenced from startup_stm32f429_439xx.o(RESET)
 <LI><a href="#[2a]">I2C1_ER_IRQHandler</a> from startup_stm32f429_439xx.o(.text) referenced from startup_stm32f429_439xx.o(RESET)
 <LI><a href="#[29]">I2C1_EV_IRQHandler</a> from startup_stm32f429_439xx.o(.text) referenced from startup_stm32f429_439xx.o(RESET)
 <LI><a href="#[2c]">I2C2_ER_IRQHandler</a> from startup_stm32f429_439xx.o(.text) referenced from startup_stm32f429_439xx.o(RESET)
 <LI><a href="#[2b]">I2C2_EV_IRQHandler</a> from startup_stm32f429_439xx.o(.text) referenced from startup_stm32f429_439xx.o(RESET)
 <LI><a href="#[53]">I2C3_ER_IRQHandler</a> from startup_stm32f429_439xx.o(.text) referenced from startup_stm32f429_439xx.o(RESET)
 <LI><a href="#[52]">I2C3_EV_IRQHandler</a> from startup_stm32f429_439xx.o(.text) referenced from startup_stm32f429_439xx.o(RESET)
 <LI><a href="#[6b]">IsKeyDown1</a> from bsp_key.o(i.IsKeyDown1) referenced from bsp_key.o(i.bsp_InitKeyVar)
 <LI><a href="#[74]">IsKeyDown10</a> from bsp_key.o(i.IsKeyDown10) referenced from bsp_key.o(i.bsp_InitKeyVar)
 <LI><a href="#[6c]">IsKeyDown2</a> from bsp_key.o(i.IsKeyDown2) referenced from bsp_key.o(i.bsp_InitKeyVar)
 <LI><a href="#[6d]">IsKeyDown3</a> from bsp_key.o(i.IsKeyDown3) referenced from bsp_key.o(i.bsp_InitKeyVar)
 <LI><a href="#[6e]">IsKeyDown4</a> from bsp_key.o(i.IsKeyDown4) referenced from bsp_key.o(i.bsp_InitKeyVar)
 <LI><a href="#[6f]">IsKeyDown5</a> from bsp_key.o(i.IsKeyDown5) referenced from bsp_key.o(i.bsp_InitKeyVar)
 <LI><a href="#[70]">IsKeyDown6</a> from bsp_key.o(i.IsKeyDown6) referenced from bsp_key.o(i.bsp_InitKeyVar)
 <LI><a href="#[71]">IsKeyDown7</a> from bsp_key.o(i.IsKeyDown7) referenced from bsp_key.o(i.bsp_InitKeyVar)
 <LI><a href="#[72]">IsKeyDown8</a> from bsp_key.o(i.IsKeyDown8) referenced from bsp_key.o(i.bsp_InitKeyVar)
 <LI><a href="#[73]">IsKeyDown9</a> from bsp_key.o(i.IsKeyDown9) referenced from bsp_key.o(i.bsp_InitKeyVar)
 <LI><a href="#[63]">LTDC_ER_IRQHandler</a> from startup_stm32f429_439xx.o(.text) referenced from startup_stm32f429_439xx.o(RESET)
 <LI><a href="#[62]">LTDC_IRQHandler</a> from startup_stm32f429_439xx.o(.text) referenced from startup_stm32f429_439xx.o(RESET)
 <LI><a href="#[3]">MemManage_Handler</a> from stm32f4xx_it.o(i.MemManage_Handler) referenced from startup_stm32f429_439xx.o(RESET)
 <LI><a href="#[1]">NMI_Handler</a> from stm32f4xx_it.o(i.NMI_Handler) referenced from startup_stm32f429_439xx.o(RESET)
 <LI><a href="#[4d]">OTG_FS_IRQHandler</a> from startup_stm32f429_439xx.o(.text) referenced from startup_stm32f429_439xx.o(RESET)
 <LI><a href="#[34]">OTG_FS_WKUP_IRQHandler</a> from startup_stm32f429_439xx.o(.text) referenced from startup_stm32f429_439xx.o(RESET)
 <LI><a href="#[55]">OTG_HS_EP1_IN_IRQHandler</a> from startup_stm32f429_439xx.o(.text) referenced from startup_stm32f429_439xx.o(RESET)
 <LI><a href="#[54]">OTG_HS_EP1_OUT_IRQHandler</a> from startup_stm32f429_439xx.o(.text) referenced from startup_stm32f429_439xx.o(RESET)
 <LI><a href="#[57]">OTG_HS_IRQHandler</a> from startup_stm32f429_439xx.o(.text) referenced from startup_stm32f429_439xx.o(RESET)
 <LI><a href="#[56]">OTG_HS_WKUP_IRQHandler</a> from startup_stm32f429_439xx.o(.text) referenced from startup_stm32f429_439xx.o(RESET)
 <LI><a href="#[b]">PVD_IRQHandler</a> from startup_stm32f429_439xx.o(.text) referenced from startup_stm32f429_439xx.o(RESET)
 <LI><a href="#[8]">PendSV_Handler</a> from startup_stm32f429_439xx.o(.text) referenced from startup_stm32f429_439xx.o(RESET)
 <LI><a href="#[f]">RCC_IRQHandler</a> from startup_stm32f429_439xx.o(.text) referenced from startup_stm32f429_439xx.o(RESET)
 <LI><a href="#[33]">RTC_Alarm_IRQHandler</a> from startup_stm32f429_439xx.o(.text) referenced from startup_stm32f429_439xx.o(RESET)
 <LI><a href="#[d]">RTC_WKUP_IRQHandler</a> from startup_stm32f429_439xx.o(.text) referenced from startup_stm32f429_439xx.o(RESET)
 <LI><a href="#[0]">Reset_Handler</a> from startup_stm32f429_439xx.o(.text) referenced from startup_stm32f429_439xx.o(RESET)
 <LI><a href="#[61]">SAI1_IRQHandler</a> from startup_stm32f429_439xx.o(.text) referenced from startup_stm32f429_439xx.o(RESET)
 <LI><a href="#[3b]">SDIO_IRQHandler</a> from startup_stm32f429_439xx.o(.text) referenced from startup_stm32f429_439xx.o(RESET)
 <LI><a href="#[2d]">SPI1_IRQHandler</a> from startup_stm32f429_439xx.o(.text) referenced from startup_stm32f429_439xx.o(RESET)
 <LI><a href="#[2e]">SPI2_IRQHandler</a> from startup_stm32f429_439xx.o(.text) referenced from startup_stm32f429_439xx.o(RESET)
 <LI><a href="#[3d]">SPI3_IRQHandler</a> from startup_stm32f429_439xx.o(.text) referenced from startup_stm32f429_439xx.o(RESET)
 <LI><a href="#[5e]">SPI4_IRQHandler</a> from startup_stm32f429_439xx.o(.text) referenced from startup_stm32f429_439xx.o(RESET)
 <LI><a href="#[5f]">SPI5_IRQHandler</a> from startup_stm32f429_439xx.o(.text) referenced from startup_stm32f429_439xx.o(RESET)
 <LI><a href="#[60]">SPI6_IRQHandler</a> from startup_stm32f429_439xx.o(.text) referenced from startup_stm32f429_439xx.o(RESET)
 <LI><a href="#[6]">SVC_Handler</a> from startup_stm32f429_439xx.o(.text) referenced from startup_stm32f429_439xx.o(RESET)
 <LI><a href="#[9]">SysTick_Handler</a> from bsp_timer.o(i.SysTick_Handler) referenced from startup_stm32f429_439xx.o(RESET)
 <LI><a href="#[66]">SystemInit</a> from system_stm32f4xx.o(i.SystemInit) referenced from startup_stm32f429_439xx.o(.text)
 <LI><a href="#[c]">TAMP_STAMP_IRQHandler</a> from startup_stm32f429_439xx.o(.text) referenced from startup_stm32f429_439xx.o(RESET)
 <LI><a href="#[22]">TIM1_BRK_TIM9_IRQHandler</a> from startup_stm32f429_439xx.o(.text) referenced from startup_stm32f429_439xx.o(RESET)
 <LI><a href="#[25]">TIM1_CC_IRQHandler</a> from startup_stm32f429_439xx.o(.text) referenced from startup_stm32f429_439xx.o(RESET)
 <LI><a href="#[24]">TIM1_TRG_COM_TIM11_IRQHandler</a> from startup_stm32f429_439xx.o(.text) referenced from startup_stm32f429_439xx.o(RESET)
 <LI><a href="#[23]">TIM1_UP_TIM10_IRQHandler</a> from startup_stm32f429_439xx.o(.text) referenced from startup_stm32f429_439xx.o(RESET)
 <LI><a href="#[26]">TIM2_IRQHandler</a> from bsp_timer.o(i.TIM2_IRQHandler) referenced from startup_stm32f429_439xx.o(RESET)
 <LI><a href="#[27]">TIM3_IRQHandler</a> from startup_stm32f429_439xx.o(.text) referenced from startup_stm32f429_439xx.o(RESET)
 <LI><a href="#[28]">TIM4_IRQHandler</a> from startup_stm32f429_439xx.o(.text) referenced from startup_stm32f429_439xx.o(RESET)
 <LI><a href="#[3c]">TIM5_IRQHandler</a> from startup_stm32f429_439xx.o(.text) referenced from startup_stm32f429_439xx.o(RESET)
 <LI><a href="#[40]">TIM6_DAC_IRQHandler</a> from startup_stm32f429_439xx.o(.text) referenced from startup_stm32f429_439xx.o(RESET)
 <LI><a href="#[41]">TIM7_IRQHandler</a> from startup_stm32f429_439xx.o(.text) referenced from startup_stm32f429_439xx.o(RESET)
 <LI><a href="#[35]">TIM8_BRK_TIM12_IRQHandler</a> from startup_stm32f429_439xx.o(.text) referenced from startup_stm32f429_439xx.o(RESET)
 <LI><a href="#[38]">TIM8_CC_IRQHandler</a> from startup_stm32f429_439xx.o(.text) referenced from startup_stm32f429_439xx.o(RESET)
 <LI><a href="#[37]">TIM8_TRG_COM_TIM14_IRQHandler</a> from startup_stm32f429_439xx.o(.text) referenced from startup_stm32f429_439xx.o(RESET)
 <LI><a href="#[36]">TIM8_UP_TIM13_IRQHandler</a> from startup_stm32f429_439xx.o(.text) referenced from startup_stm32f429_439xx.o(RESET)
 <LI><a href="#[3e]">UART4_IRQHandler</a> from startup_stm32f429_439xx.o(.text) referenced from startup_stm32f429_439xx.o(RESET)
 <LI><a href="#[3f]">UART5_IRQHandler</a> from startup_stm32f429_439xx.o(.text) referenced from startup_stm32f429_439xx.o(RESET)
 <LI><a href="#[5c]">UART7_IRQHandler</a> from startup_stm32f429_439xx.o(.text) referenced from startup_stm32f429_439xx.o(RESET)
 <LI><a href="#[5d]">UART8_IRQHandler</a> from startup_stm32f429_439xx.o(.text) referenced from startup_stm32f429_439xx.o(RESET)
 <LI><a href="#[2f]">USART1_IRQHandler</a> from bsp_uart_fifo.o(i.USART1_IRQHandler) referenced from startup_stm32f429_439xx.o(RESET)
 <LI><a href="#[30]">USART2_IRQHandler</a> from startup_stm32f429_439xx.o(.text) referenced from startup_stm32f429_439xx.o(RESET)
 <LI><a href="#[31]">USART3_IRQHandler</a> from startup_stm32f429_439xx.o(.text) referenced from startup_stm32f429_439xx.o(RESET)
 <LI><a href="#[51]">USART6_IRQHandler</a> from startup_stm32f429_439xx.o(.text) referenced from startup_stm32f429_439xx.o(RESET)
 <LI><a href="#[5]">UsageFault_Handler</a> from stm32f4xx_it.o(i.UsageFault_Handler) referenced from startup_stm32f429_439xx.o(RESET)
 <LI><a href="#[a]">WWDG_IRQHandler</a> from startup_stm32f429_439xx.o(.text) referenced from startup_stm32f429_439xx.o(RESET)
 <LI><a href="#[67]">__main</a> from entry.o(.ARM.Collect$$$$00000000) referenced from startup_stm32f429_439xx.o(.text)
 <LI><a href="#[6a]">_sputc</a> from printf6.o(i._sputc) referenced from printf6.o(i.__0sprintf$6)
 <LI><a href="#[75]">dhcp_listener</a> from at_dhcp.o(i.dhcp_listener) referenced from at_dhcp.o(i.dhcp_init)
 <LI><a href="#[69]">fputc</a> from bsp_uart_fifo.o(i.fputc) referenced from printf6.o(i.__0printf$6)
 <LI><a href="#[65]">main</a> from main.o(i.main) referenced from entry9a.o(.ARM.Collect$$$$0000000B)
 <LI><a href="#[76]">nbns_listener</a> from at_nbns.o(i.nbns_listener) referenced from at_nbns.o(i.nbns_init)
 <LI><a href="#[68]">tcp_callback</a> from app_tcpnet_lib.o(i.tcp_callback) referenced from app_tcpnet_lib.o(i.TCPnetTest)
</UL>
<P>
<H3>
Global Symbols
</H3>
<P><STRONG><a name="[67]"></a>__main</STRONG> (Thumb, 0 bytes, Stack size unknown bytes, entry.o(.ARM.Collect$$$$00000000))
<BR>[Address Reference Count : 1]<UL><LI> startup_stm32f429_439xx.o(.text)
</UL>
<P><STRONG><a name="[139]"></a>_main_stk</STRONG> (Thumb, 0 bytes, Stack size unknown bytes, entry2.o(.ARM.Collect$$$$00000001))

<P><STRONG><a name="[77]"></a>_main_scatterload</STRONG> (Thumb, 0 bytes, Stack size unknown bytes, entry5.o(.ARM.Collect$$$$00000004))
<BR><BR>[Calls]<UL><LI><a href="#[78]">&gt;&gt;</a>&nbsp;&nbsp;&nbsp;__scatterload
</UL>

<P><STRONG><a name="[79]"></a>__main_after_scatterload</STRONG> (Thumb, 0 bytes, Stack size unknown bytes, entry5.o(.ARM.Collect$$$$00000004))
<BR><BR>[Called By]<UL><LI><a href="#[78]">&gt;&gt;</a>&nbsp;&nbsp;&nbsp;__scatterload
</UL>

<P><STRONG><a name="[13a]"></a>_main_clock</STRONG> (Thumb, 0 bytes, Stack size unknown bytes, entry7b.o(.ARM.Collect$$$$00000008))

<P><STRONG><a name="[13b]"></a>_main_cpp_init</STRONG> (Thumb, 0 bytes, Stack size unknown bytes, entry8b.o(.ARM.Collect$$$$0000000A))

<P><STRONG><a name="[13c]"></a>_main_init</STRONG> (Thumb, 0 bytes, Stack size unknown bytes, entry9a.o(.ARM.Collect$$$$0000000B))

<P><STRONG><a name="[13d]"></a>__rt_final_cpp</STRONG> (Thumb, 0 bytes, Stack size unknown bytes, entry10a.o(.ARM.Collect$$$$0000000D))

<P><STRONG><a name="[13e]"></a>__rt_final_exit</STRONG> (Thumb, 0 bytes, Stack size unknown bytes, entry11a.o(.ARM.Collect$$$$0000000F))

<P><STRONG><a name="[0]"></a>Reset_Handler</STRONG> (Thumb, 8 bytes, Stack size 0 bytes, startup_stm32f429_439xx.o(.text))
<BR>[Address Reference Count : 1]<UL><LI> startup_stm32f429_439xx.o(RESET)
</UL>
<P><STRONG><a name="[6]"></a>SVC_Handler</STRONG> (Thumb, 2 bytes, Stack size 0 bytes, startup_stm32f429_439xx.o(.text))
<BR><BR>[Calls]<UL><LI><a href="#[6]">&gt;&gt;</a>&nbsp;&nbsp;&nbsp;SVC_Handler
</UL>
<BR>[Called By]<UL><LI><a href="#[6]">&gt;&gt;</a>&nbsp;&nbsp;&nbsp;SVC_Handler
</UL>
<BR>[Address Reference Count : 1]<UL><LI> startup_stm32f429_439xx.o(RESET)
</UL>
<P><STRONG><a name="[8]"></a>PendSV_Handler</STRONG> (Thumb, 2 bytes, Stack size 0 bytes, startup_stm32f429_439xx.o(.text))
<BR><BR>[Calls]<UL><LI><a href="#[8]">&gt;&gt;</a>&nbsp;&nbsp;&nbsp;PendSV_Handler
</UL>
<BR>[Called By]<UL><LI><a href="#[8]">&gt;&gt;</a>&nbsp;&nbsp;&nbsp;PendSV_Handler
</UL>
<BR>[Address Reference Count : 1]<UL><LI> startup_stm32f429_439xx.o(RESET)
</UL>
<P><STRONG><a name="[1c]"></a>ADC_IRQHandler</STRONG> (Thumb, 0 bytes, Stack size 0 bytes, startup_stm32f429_439xx.o(.text))
<BR><BR>[Calls]<UL><LI><a href="#[1c]">&gt;&gt;</a>&nbsp;&nbsp;&nbsp;ADC_IRQHandler
</UL>
<BR>[Called By]<UL><LI><a href="#[1c]">&gt;&gt;</a>&nbsp;&nbsp;&nbsp;ADC_IRQHandler
</UL>
<BR>[Address Reference Count : 1]<UL><LI> startup_stm32f429_439xx.o(RESET)
</UL>
<P><STRONG><a name="[1e]"></a>CAN1_RX0_IRQHandler</STRONG> (Thumb, 0 bytes, Stack size 0 bytes, startup_stm32f429_439xx.o(.text))
<BR>[Address Reference Count : 1]<UL><LI> startup_stm32f429_439xx.o(RESET)
</UL>
<P><STRONG><a name="[1f]"></a>CAN1_RX1_IRQHandler</STRONG> (Thumb, 0 bytes, Stack size 0 bytes, startup_stm32f429_439xx.o(.text))
<BR>[Address Reference Count : 1]<UL><LI> startup_stm32f429_439xx.o(RESET)
</UL>
<P><STRONG><a name="[20]"></a>CAN1_SCE_IRQHandler</STRONG> (Thumb, 0 bytes, Stack size 0 bytes, startup_stm32f429_439xx.o(.text))
<BR>[Address Reference Count : 1]<UL><LI> startup_stm32f429_439xx.o(RESET)
</UL>
<P><STRONG><a name="[1d]"></a>CAN1_TX_IRQHandler</STRONG> (Thumb, 0 bytes, Stack size 0 bytes, startup_stm32f429_439xx.o(.text))
<BR>[Address Reference Count : 1]<UL><LI> startup_stm32f429_439xx.o(RESET)
</UL>
<P><STRONG><a name="[4a]"></a>CAN2_RX0_IRQHandler</STRONG> (Thumb, 0 bytes, Stack size 0 bytes, startup_stm32f429_439xx.o(.text))
<BR>[Address Reference Count : 1]<UL><LI> startup_stm32f429_439xx.o(RESET)
</UL>
<P><STRONG><a name="[4b]"></a>CAN2_RX1_IRQHandler</STRONG> (Thumb, 0 bytes, Stack size 0 bytes, startup_stm32f429_439xx.o(.text))
<BR>[Address Reference Count : 1]<UL><LI> startup_stm32f429_439xx.o(RESET)
</UL>
<P><STRONG><a name="[4c]"></a>CAN2_SCE_IRQHandler</STRONG> (Thumb, 0 bytes, Stack size 0 bytes, startup_stm32f429_439xx.o(.text))
<BR>[Address Reference Count : 1]<UL><LI> startup_stm32f429_439xx.o(RESET)
</UL>
<P><STRONG><a name="[49]"></a>CAN2_TX_IRQHandler</STRONG> (Thumb, 0 bytes, Stack size 0 bytes, startup_stm32f429_439xx.o(.text))
<BR>[Address Reference Count : 1]<UL><LI> startup_stm32f429_439xx.o(RESET)
</UL>
<P><STRONG><a name="[59]"></a>CRYP_IRQHandler</STRONG> (Thumb, 0 bytes, Stack size 0 bytes, startup_stm32f429_439xx.o(.text))
<BR>[Address Reference Count : 1]<UL><LI> startup_stm32f429_439xx.o(RESET)
</UL>
<P><STRONG><a name="[58]"></a>DCMI_IRQHandler</STRONG> (Thumb, 0 bytes, Stack size 0 bytes, startup_stm32f429_439xx.o(.text))
<BR>[Address Reference Count : 1]<UL><LI> startup_stm32f429_439xx.o(RESET)
</UL>
<P><STRONG><a name="[15]"></a>DMA1_Stream0_IRQHandler</STRONG> (Thumb, 0 bytes, Stack size 0 bytes, startup_stm32f429_439xx.o(.text))
<BR>[Address Reference Count : 1]<UL><LI> startup_stm32f429_439xx.o(RESET)
</UL>
<P><STRONG><a name="[16]"></a>DMA1_Stream1_IRQHandler</STRONG> (Thumb, 0 bytes, Stack size 0 bytes, startup_stm32f429_439xx.o(.text))
<BR>[Address Reference Count : 1]<UL><LI> startup_stm32f429_439xx.o(RESET)
</UL>
<P><STRONG><a name="[17]"></a>DMA1_Stream2_IRQHandler</STRONG> (Thumb, 0 bytes, Stack size 0 bytes, startup_stm32f429_439xx.o(.text))
<BR>[Address Reference Count : 1]<UL><LI> startup_stm32f429_439xx.o(RESET)
</UL>
<P><STRONG><a name="[18]"></a>DMA1_Stream3_IRQHandler</STRONG> (Thumb, 0 bytes, Stack size 0 bytes, startup_stm32f429_439xx.o(.text))
<BR>[Address Reference Count : 1]<UL><LI> startup_stm32f429_439xx.o(RESET)
</UL>
<P><STRONG><a name="[19]"></a>DMA1_Stream4_IRQHandler</STRONG> (Thumb, 0 bytes, Stack size 0 bytes, startup_stm32f429_439xx.o(.text))
<BR>[Address Reference Count : 1]<UL><LI> startup_stm32f429_439xx.o(RESET)
</UL>
<P><STRONG><a name="[1a]"></a>DMA1_Stream5_IRQHandler</STRONG> (Thumb, 0 bytes, Stack size 0 bytes, startup_stm32f429_439xx.o(.text))
<BR>[Address Reference Count : 1]<UL><LI> startup_stm32f429_439xx.o(RESET)
</UL>
<P><STRONG><a name="[1b]"></a>DMA1_Stream6_IRQHandler</STRONG> (Thumb, 0 bytes, Stack size 0 bytes, startup_stm32f429_439xx.o(.text))
<BR>[Address Reference Count : 1]<UL><LI> startup_stm32f429_439xx.o(RESET)
</UL>
<P><STRONG><a name="[39]"></a>DMA1_Stream7_IRQHandler</STRONG> (Thumb, 0 bytes, Stack size 0 bytes, startup_stm32f429_439xx.o(.text))
<BR>[Address Reference Count : 1]<UL><LI> startup_stm32f429_439xx.o(RESET)
</UL>
<P><STRONG><a name="[64]"></a>DMA2D_IRQHandler</STRONG> (Thumb, 0 bytes, Stack size 0 bytes, startup_stm32f429_439xx.o(.text))
<BR>[Address Reference Count : 1]<UL><LI> startup_stm32f429_439xx.o(RESET)
</UL>
<P><STRONG><a name="[42]"></a>DMA2_Stream0_IRQHandler</STRONG> (Thumb, 0 bytes, Stack size 0 bytes, startup_stm32f429_439xx.o(.text))
<BR>[Address Reference Count : 1]<UL><LI> startup_stm32f429_439xx.o(RESET)
</UL>
<P><STRONG><a name="[43]"></a>DMA2_Stream1_IRQHandler</STRONG> (Thumb, 0 bytes, Stack size 0 bytes, startup_stm32f429_439xx.o(.text))
<BR>[Address Reference Count : 1]<UL><LI> startup_stm32f429_439xx.o(RESET)
</UL>
<P><STRONG><a name="[44]"></a>DMA2_Stream2_IRQHandler</STRONG> (Thumb, 0 bytes, Stack size 0 bytes, startup_stm32f429_439xx.o(.text))
<BR>[Address Reference Count : 1]<UL><LI> startup_stm32f429_439xx.o(RESET)
</UL>
<P><STRONG><a name="[45]"></a>DMA2_Stream3_IRQHandler</STRONG> (Thumb, 0 bytes, Stack size 0 bytes, startup_stm32f429_439xx.o(.text))
<BR>[Address Reference Count : 1]<UL><LI> startup_stm32f429_439xx.o(RESET)
</UL>
<P><STRONG><a name="[46]"></a>DMA2_Stream4_IRQHandler</STRONG> (Thumb, 0 bytes, Stack size 0 bytes, startup_stm32f429_439xx.o(.text))
<BR>[Address Reference Count : 1]<UL><LI> startup_stm32f429_439xx.o(RESET)
</UL>
<P><STRONG><a name="[4e]"></a>DMA2_Stream5_IRQHandler</STRONG> (Thumb, 0 bytes, Stack size 0 bytes, startup_stm32f429_439xx.o(.text))
<BR>[Address Reference Count : 1]<UL><LI> startup_stm32f429_439xx.o(RESET)
</UL>
<P><STRONG><a name="[4f]"></a>DMA2_Stream6_IRQHandler</STRONG> (Thumb, 0 bytes, Stack size 0 bytes, startup_stm32f429_439xx.o(.text))
<BR>[Address Reference Count : 1]<UL><LI> startup_stm32f429_439xx.o(RESET)
</UL>
<P><STRONG><a name="[50]"></a>DMA2_Stream7_IRQHandler</STRONG> (Thumb, 0 bytes, Stack size 0 bytes, startup_stm32f429_439xx.o(.text))
<BR>[Address Reference Count : 1]<UL><LI> startup_stm32f429_439xx.o(RESET)
</UL>
<P><STRONG><a name="[48]"></a>ETH_WKUP_IRQHandler</STRONG> (Thumb, 0 bytes, Stack size 0 bytes, startup_stm32f429_439xx.o(.text))
<BR>[Address Reference Count : 1]<UL><LI> startup_stm32f429_439xx.o(RESET)
</UL>
<P><STRONG><a name="[10]"></a>EXTI0_IRQHandler</STRONG> (Thumb, 0 bytes, Stack size 0 bytes, startup_stm32f429_439xx.o(.text))
<BR>[Address Reference Count : 1]<UL><LI> startup_stm32f429_439xx.o(RESET)
</UL>
<P><STRONG><a name="[32]"></a>EXTI15_10_IRQHandler</STRONG> (Thumb, 0 bytes, Stack size 0 bytes, startup_stm32f429_439xx.o(.text))
<BR>[Address Reference Count : 1]<UL><LI> startup_stm32f429_439xx.o(RESET)
</UL>
<P><STRONG><a name="[11]"></a>EXTI1_IRQHandler</STRONG> (Thumb, 0 bytes, Stack size 0 bytes, startup_stm32f429_439xx.o(.text))
<BR>[Address Reference Count : 1]<UL><LI> startup_stm32f429_439xx.o(RESET)
</UL>
<P><STRONG><a name="[12]"></a>EXTI2_IRQHandler</STRONG> (Thumb, 0 bytes, Stack size 0 bytes, startup_stm32f429_439xx.o(.text))
<BR>[Address Reference Count : 1]<UL><LI> startup_stm32f429_439xx.o(RESET)
</UL>
<P><STRONG><a name="[13]"></a>EXTI3_IRQHandler</STRONG> (Thumb, 0 bytes, Stack size 0 bytes, startup_stm32f429_439xx.o(.text))
<BR>[Address Reference Count : 1]<UL><LI> startup_stm32f429_439xx.o(RESET)
</UL>
<P><STRONG><a name="[14]"></a>EXTI4_IRQHandler</STRONG> (Thumb, 0 bytes, Stack size 0 bytes, startup_stm32f429_439xx.o(.text))
<BR>[Address Reference Count : 1]<UL><LI> startup_stm32f429_439xx.o(RESET)
</UL>
<P><STRONG><a name="[e]"></a>FLASH_IRQHandler</STRONG> (Thumb, 0 bytes, Stack size 0 bytes, startup_stm32f429_439xx.o(.text))
<BR>[Address Reference Count : 1]<UL><LI> startup_stm32f429_439xx.o(RESET)
</UL>
<P><STRONG><a name="[3a]"></a>FMC_IRQHandler</STRONG> (Thumb, 0 bytes, Stack size 0 bytes, startup_stm32f429_439xx.o(.text))
<BR>[Address Reference Count : 1]<UL><LI> startup_stm32f429_439xx.o(RESET)
</UL>
<P><STRONG><a name="[5b]"></a>FPU_IRQHandler</STRONG> (Thumb, 0 bytes, Stack size 0 bytes, startup_stm32f429_439xx.o(.text))
<BR>[Address Reference Count : 1]<UL><LI> startup_stm32f429_439xx.o(RESET)
</UL>
<P><STRONG><a name="[5a]"></a>HASH_RNG_IRQHandler</STRONG> (Thumb, 0 bytes, Stack size 0 bytes, startup_stm32f429_439xx.o(.text))
<BR>[Address Reference Count : 1]<UL><LI> startup_stm32f429_439xx.o(RESET)
</UL>
<P><STRONG><a name="[2a]"></a>I2C1_ER_IRQHandler</STRONG> (Thumb, 0 bytes, Stack size 0 bytes, startup_stm32f429_439xx.o(.text))
<BR>[Address Reference Count : 1]<UL><LI> startup_stm32f429_439xx.o(RESET)
</UL>
<P><STRONG><a name="[29]"></a>I2C1_EV_IRQHandler</STRONG> (Thumb, 0 bytes, Stack size 0 bytes, startup_stm32f429_439xx.o(.text))
<BR>[Address Reference Count : 1]<UL><LI> startup_stm32f429_439xx.o(RESET)
</UL>
<P><STRONG><a name="[2c]"></a>I2C2_ER_IRQHandler</STRONG> (Thumb, 0 bytes, Stack size 0 bytes, startup_stm32f429_439xx.o(.text))
<BR>[Address Reference Count : 1]<UL><LI> startup_stm32f429_439xx.o(RESET)
</UL>
<P><STRONG><a name="[2b]"></a>I2C2_EV_IRQHandler</STRONG> (Thumb, 0 bytes, Stack size 0 bytes, startup_stm32f429_439xx.o(.text))
<BR>[Address Reference Count : 1]<UL><LI> startup_stm32f429_439xx.o(RESET)
</UL>
<P><STRONG><a name="[53]"></a>I2C3_ER_IRQHandler</STRONG> (Thumb, 0 bytes, Stack size 0 bytes, startup_stm32f429_439xx.o(.text))
<BR>[Address Reference Count : 1]<UL><LI> startup_stm32f429_439xx.o(RESET)
</UL>
<P><STRONG><a name="[52]"></a>I2C3_EV_IRQHandler</STRONG> (Thumb, 0 bytes, Stack size 0 bytes, startup_stm32f429_439xx.o(.text))
<BR>[Address Reference Count : 1]<UL><LI> startup_stm32f429_439xx.o(RESET)
</UL>
<P><STRONG><a name="[63]"></a>LTDC_ER_IRQHandler</STRONG> (Thumb, 0 bytes, Stack size 0 bytes, startup_stm32f429_439xx.o(.text))
<BR>[Address Reference Count : 1]<UL><LI> startup_stm32f429_439xx.o(RESET)
</UL>
<P><STRONG><a name="[62]"></a>LTDC_IRQHandler</STRONG> (Thumb, 0 bytes, Stack size 0 bytes, startup_stm32f429_439xx.o(.text))
<BR>[Address Reference Count : 1]<UL><LI> startup_stm32f429_439xx.o(RESET)
</UL>
<P><STRONG><a name="[4d]"></a>OTG_FS_IRQHandler</STRONG> (Thumb, 0 bytes, Stack size 0 bytes, startup_stm32f429_439xx.o(.text))
<BR>[Address Reference Count : 1]<UL><LI> startup_stm32f429_439xx.o(RESET)
</UL>
<P><STRONG><a name="[34]"></a>OTG_FS_WKUP_IRQHandler</STRONG> (Thumb, 0 bytes, Stack size 0 bytes, startup_stm32f429_439xx.o(.text))
<BR>[Address Reference Count : 1]<UL><LI> startup_stm32f429_439xx.o(RESET)
</UL>
<P><STRONG><a name="[55]"></a>OTG_HS_EP1_IN_IRQHandler</STRONG> (Thumb, 0 bytes, Stack size 0 bytes, startup_stm32f429_439xx.o(.text))
<BR>[Address Reference Count : 1]<UL><LI> startup_stm32f429_439xx.o(RESET)
</UL>
<P><STRONG><a name="[54]"></a>OTG_HS_EP1_OUT_IRQHandler</STRONG> (Thumb, 0 bytes, Stack size 0 bytes, startup_stm32f429_439xx.o(.text))
<BR>[Address Reference Count : 1]<UL><LI> startup_stm32f429_439xx.o(RESET)
</UL>
<P><STRONG><a name="[57]"></a>OTG_HS_IRQHandler</STRONG> (Thumb, 0 bytes, Stack size 0 bytes, startup_stm32f429_439xx.o(.text))
<BR>[Address Reference Count : 1]<UL><LI> startup_stm32f429_439xx.o(RESET)
</UL>
<P><STRONG><a name="[56]"></a>OTG_HS_WKUP_IRQHandler</STRONG> (Thumb, 0 bytes, Stack size 0 bytes, startup_stm32f429_439xx.o(.text))
<BR>[Address Reference Count : 1]<UL><LI> startup_stm32f429_439xx.o(RESET)
</UL>
<P><STRONG><a name="[b]"></a>PVD_IRQHandler</STRONG> (Thumb, 0 bytes, Stack size 0 bytes, startup_stm32f429_439xx.o(.text))
<BR>[Address Reference Count : 1]<UL><LI> startup_stm32f429_439xx.o(RESET)
</UL>
<P><STRONG><a name="[f]"></a>RCC_IRQHandler</STRONG> (Thumb, 0 bytes, Stack size 0 bytes, startup_stm32f429_439xx.o(.text))
<BR>[Address Reference Count : 1]<UL><LI> startup_stm32f429_439xx.o(RESET)
</UL>
<P><STRONG><a name="[33]"></a>RTC_Alarm_IRQHandler</STRONG> (Thumb, 0 bytes, Stack size 0 bytes, startup_stm32f429_439xx.o(.text))
<BR>[Address Reference Count : 1]<UL><LI> startup_stm32f429_439xx.o(RESET)
</UL>
<P><STRONG><a name="[d]"></a>RTC_WKUP_IRQHandler</STRONG> (Thumb, 0 bytes, Stack size 0 bytes, startup_stm32f429_439xx.o(.text))
<BR>[Address Reference Count : 1]<UL><LI> startup_stm32f429_439xx.o(RESET)
</UL>
<P><STRONG><a name="[61]"></a>SAI1_IRQHandler</STRONG> (Thumb, 0 bytes, Stack size 0 bytes, startup_stm32f429_439xx.o(.text))
<BR>[Address Reference Count : 1]<UL><LI> startup_stm32f429_439xx.o(RESET)
</UL>
<P><STRONG><a name="[3b]"></a>SDIO_IRQHandler</STRONG> (Thumb, 0 bytes, Stack size 0 bytes, startup_stm32f429_439xx.o(.text))
<BR>[Address Reference Count : 1]<UL><LI> startup_stm32f429_439xx.o(RESET)
</UL>
<P><STRONG><a name="[2d]"></a>SPI1_IRQHandler</STRONG> (Thumb, 0 bytes, Stack size 0 bytes, startup_stm32f429_439xx.o(.text))
<BR>[Address Reference Count : 1]<UL><LI> startup_stm32f429_439xx.o(RESET)
</UL>
<P><STRONG><a name="[2e]"></a>SPI2_IRQHandler</STRONG> (Thumb, 0 bytes, Stack size 0 bytes, startup_stm32f429_439xx.o(.text))
<BR>[Address Reference Count : 1]<UL><LI> startup_stm32f429_439xx.o(RESET)
</UL>
<P><STRONG><a name="[3d]"></a>SPI3_IRQHandler</STRONG> (Thumb, 0 bytes, Stack size 0 bytes, startup_stm32f429_439xx.o(.text))
<BR>[Address Reference Count : 1]<UL><LI> startup_stm32f429_439xx.o(RESET)
</UL>
<P><STRONG><a name="[5e]"></a>SPI4_IRQHandler</STRONG> (Thumb, 0 bytes, Stack size 0 bytes, startup_stm32f429_439xx.o(.text))
<BR>[Address Reference Count : 1]<UL><LI> startup_stm32f429_439xx.o(RESET)
</UL>
<P><STRONG><a name="[5f]"></a>SPI5_IRQHandler</STRONG> (Thumb, 0 bytes, Stack size 0 bytes, startup_stm32f429_439xx.o(.text))
<BR>[Address Reference Count : 1]<UL><LI> startup_stm32f429_439xx.o(RESET)
</UL>
<P><STRONG><a name="[60]"></a>SPI6_IRQHandler</STRONG> (Thumb, 0 bytes, Stack size 0 bytes, startup_stm32f429_439xx.o(.text))
<BR>[Address Reference Count : 1]<UL><LI> startup_stm32f429_439xx.o(RESET)
</UL>
<P><STRONG><a name="[c]"></a>TAMP_STAMP_IRQHandler</STRONG> (Thumb, 0 bytes, Stack size 0 bytes, startup_stm32f429_439xx.o(.text))
<BR>[Address Reference Count : 1]<UL><LI> startup_stm32f429_439xx.o(RESET)
</UL>
<P><STRONG><a name="[22]"></a>TIM1_BRK_TIM9_IRQHandler</STRONG> (Thumb, 0 bytes, Stack size 0 bytes, startup_stm32f429_439xx.o(.text))
<BR>[Address Reference Count : 1]<UL><LI> startup_stm32f429_439xx.o(RESET)
</UL>
<P><STRONG><a name="[25]"></a>TIM1_CC_IRQHandler</STRONG> (Thumb, 0 bytes, Stack size 0 bytes, startup_stm32f429_439xx.o(.text))
<BR>[Address Reference Count : 1]<UL><LI> startup_stm32f429_439xx.o(RESET)
</UL>
<P><STRONG><a name="[24]"></a>TIM1_TRG_COM_TIM11_IRQHandler</STRONG> (Thumb, 0 bytes, Stack size 0 bytes, startup_stm32f429_439xx.o(.text))
<BR>[Address Reference Count : 1]<UL><LI> startup_stm32f429_439xx.o(RESET)
</UL>
<P><STRONG><a name="[23]"></a>TIM1_UP_TIM10_IRQHandler</STRONG> (Thumb, 0 bytes, Stack size 0 bytes, startup_stm32f429_439xx.o(.text))
<BR>[Address Reference Count : 1]<UL><LI> startup_stm32f429_439xx.o(RESET)
</UL>
<P><STRONG><a name="[27]"></a>TIM3_IRQHandler</STRONG> (Thumb, 0 bytes, Stack size 0 bytes, startup_stm32f429_439xx.o(.text))
<BR>[Address Reference Count : 1]<UL><LI> startup_stm32f429_439xx.o(RESET)
</UL>
<P><STRONG><a name="[28]"></a>TIM4_IRQHandler</STRONG> (Thumb, 0 bytes, Stack size 0 bytes, startup_stm32f429_439xx.o(.text))
<BR>[Address Reference Count : 1]<UL><LI> startup_stm32f429_439xx.o(RESET)
</UL>
<P><STRONG><a name="[3c]"></a>TIM5_IRQHandler</STRONG> (Thumb, 0 bytes, Stack size 0 bytes, startup_stm32f429_439xx.o(.text))
<BR>[Address Reference Count : 1]<UL><LI> startup_stm32f429_439xx.o(RESET)
</UL>
<P><STRONG><a name="[40]"></a>TIM6_DAC_IRQHandler</STRONG> (Thumb, 0 bytes, Stack size 0 bytes, startup_stm32f429_439xx.o(.text))
<BR>[Address Reference Count : 1]<UL><LI> startup_stm32f429_439xx.o(RESET)
</UL>
<P><STRONG><a name="[41]"></a>TIM7_IRQHandler</STRONG> (Thumb, 0 bytes, Stack size 0 bytes, startup_stm32f429_439xx.o(.text))
<BR>[Address Reference Count : 1]<UL><LI> startup_stm32f429_439xx.o(RESET)
</UL>
<P><STRONG><a name="[35]"></a>TIM8_BRK_TIM12_IRQHandler</STRONG> (Thumb, 0 bytes, Stack size 0 bytes, startup_stm32f429_439xx.o(.text))
<BR>[Address Reference Count : 1]<UL><LI> startup_stm32f429_439xx.o(RESET)
</UL>
<P><STRONG><a name="[38]"></a>TIM8_CC_IRQHandler</STRONG> (Thumb, 0 bytes, Stack size 0 bytes, startup_stm32f429_439xx.o(.text))
<BR>[Address Reference Count : 1]<UL><LI> startup_stm32f429_439xx.o(RESET)
</UL>
<P><STRONG><a name="[37]"></a>TIM8_TRG_COM_TIM14_IRQHandler</STRONG> (Thumb, 0 bytes, Stack size 0 bytes, startup_stm32f429_439xx.o(.text))
<BR>[Address Reference Count : 1]<UL><LI> startup_stm32f429_439xx.o(RESET)
</UL>
<P><STRONG><a name="[36]"></a>TIM8_UP_TIM13_IRQHandler</STRONG> (Thumb, 0 bytes, Stack size 0 bytes, startup_stm32f429_439xx.o(.text))
<BR>[Address Reference Count : 1]<UL><LI> startup_stm32f429_439xx.o(RESET)
</UL>
<P><STRONG><a name="[3e]"></a>UART4_IRQHandler</STRONG> (Thumb, 0 bytes, Stack size 0 bytes, startup_stm32f429_439xx.o(.text))
<BR>[Address Reference Count : 1]<UL><LI> startup_stm32f429_439xx.o(RESET)
</UL>
<P><STRONG><a name="[3f]"></a>UART5_IRQHandler</STRONG> (Thumb, 0 bytes, Stack size 0 bytes, startup_stm32f429_439xx.o(.text))
<BR>[Address Reference Count : 1]<UL><LI> startup_stm32f429_439xx.o(RESET)
</UL>
<P><STRONG><a name="[5c]"></a>UART7_IRQHandler</STRONG> (Thumb, 0 bytes, Stack size 0 bytes, startup_stm32f429_439xx.o(.text))
<BR>[Address Reference Count : 1]<UL><LI> startup_stm32f429_439xx.o(RESET)
</UL>
<P><STRONG><a name="[5d]"></a>UART8_IRQHandler</STRONG> (Thumb, 0 bytes, Stack size 0 bytes, startup_stm32f429_439xx.o(.text))
<BR>[Address Reference Count : 1]<UL><LI> startup_stm32f429_439xx.o(RESET)
</UL>
<P><STRONG><a name="[30]"></a>USART2_IRQHandler</STRONG> (Thumb, 0 bytes, Stack size 0 bytes, startup_stm32f429_439xx.o(.text))
<BR>[Address Reference Count : 1]<UL><LI> startup_stm32f429_439xx.o(RESET)
</UL>
<P><STRONG><a name="[31]"></a>USART3_IRQHandler</STRONG> (Thumb, 0 bytes, Stack size 0 bytes, startup_stm32f429_439xx.o(.text))
<BR>[Address Reference Count : 1]<UL><LI> startup_stm32f429_439xx.o(RESET)
</UL>
<P><STRONG><a name="[51]"></a>USART6_IRQHandler</STRONG> (Thumb, 0 bytes, Stack size 0 bytes, startup_stm32f429_439xx.o(.text))
<BR>[Address Reference Count : 1]<UL><LI> startup_stm32f429_439xx.o(RESET)
</UL>
<P><STRONG><a name="[a]"></a>WWDG_IRQHandler</STRONG> (Thumb, 0 bytes, Stack size 0 bytes, startup_stm32f429_439xx.o(.text))
<BR>[Address Reference Count : 1]<UL><LI> startup_stm32f429_439xx.o(RESET)
</UL>
<P><STRONG><a name="[13f]"></a>__aeabi_uidiv</STRONG> (Thumb, 0 bytes, Stack size 12 bytes, uidiv.o(.text), UNUSED)

<P><STRONG><a name="[b2]"></a>__aeabi_uidivmod</STRONG> (Thumb, 44 bytes, Stack size 12 bytes, uidiv.o(.text), UNUSED)
<BR><BR>[Called By]<UL><LI><a href="#[af]">&gt;&gt;</a>&nbsp;&nbsp;&nbsp;_printf_core
</UL>

<P><STRONG><a name="[78]"></a>__scatterload</STRONG> (Thumb, 28 bytes, Stack size 0 bytes, init.o(.text))
<BR><BR>[Calls]<UL><LI><a href="#[79]">&gt;&gt;</a>&nbsp;&nbsp;&nbsp;__main_after_scatterload
</UL>
<BR>[Called By]<UL><LI><a href="#[77]">&gt;&gt;</a>&nbsp;&nbsp;&nbsp;_main_scatterload
</UL>

<P><STRONG><a name="[140]"></a>__scatterload_rt2</STRONG> (Thumb, 0 bytes, Stack size 0 bytes, init.o(.text), UNUSED)

<P><STRONG><a name="[4]"></a>BusFault_Handler</STRONG> (Thumb, 4 bytes, Stack size 0 bytes, stm32f4xx_it.o(i.BusFault_Handler))
<BR>[Address Reference Count : 1]<UL><LI> startup_stm32f429_439xx.o(RESET)
</UL>
<P><STRONG><a name="[7]"></a>DebugMon_Handler</STRONG> (Thumb, 2 bytes, Stack size 0 bytes, stm32f4xx_it.o(i.DebugMon_Handler))
<BR>[Address Reference Count : 1]<UL><LI> startup_stm32f429_439xx.o(RESET)
</UL>
<P><STRONG><a name="[47]"></a>ETH_IRQHandler</STRONG> (Thumb, 198 bytes, Stack size 24 bytes, eth_stm32f4xx.o(i.ETH_IRQHandler))
<BR><BR>[Stack]<UL><LI>Max Depth = 56<LI>Call Chain = ETH_IRQHandler &rArr; alloc_mem
</UL>
<BR>[Calls]<UL><LI><a href="#[7d]">&gt;&gt;</a>&nbsp;&nbsp;&nbsp;put_in_queue
<LI><a href="#[7c]">&gt;&gt;</a>&nbsp;&nbsp;&nbsp;alloc_mem
</UL>
<BR>[Address Reference Count : 1]<UL><LI> startup_stm32f429_439xx.o(RESET)
</UL>
<P><STRONG><a name="[21]"></a>EXTI9_5_IRQHandler</STRONG> (Thumb, 154 bytes, Stack size 16 bytes, eth_stm32f4xx.o(i.EXTI9_5_IRQHandler))
<BR><BR>[Stack]<UL><LI>Max Depth = 16<LI>Call Chain = EXTI9_5_IRQHandler
</UL>
<BR>[Calls]<UL><LI><a href="#[7f]">&gt;&gt;</a>&nbsp;&nbsp;&nbsp;read_PHY
<LI><a href="#[7e]">&gt;&gt;</a>&nbsp;&nbsp;&nbsp;EXTI_GetITStatus
<LI><a href="#[80]">&gt;&gt;</a>&nbsp;&nbsp;&nbsp;EXTI_ClearITPendingBit
</UL>
<BR>[Address Reference Count : 1]<UL><LI> startup_stm32f429_439xx.o(RESET)
</UL>
<P><STRONG><a name="[80]"></a>EXTI_ClearITPendingBit</STRONG> (Thumb, 6 bytes, Stack size 0 bytes, stm32f4xx_exti.o(i.EXTI_ClearITPendingBit))
<BR><BR>[Called By]<UL><LI><a href="#[21]">&gt;&gt;</a>&nbsp;&nbsp;&nbsp;EXTI9_5_IRQHandler
</UL>

<P><STRONG><a name="[7e]"></a>EXTI_GetITStatus</STRONG> (Thumb, 20 bytes, Stack size 0 bytes, stm32f4xx_exti.o(i.EXTI_GetITStatus))
<BR><BR>[Called By]<UL><LI><a href="#[21]">&gt;&gt;</a>&nbsp;&nbsp;&nbsp;EXTI9_5_IRQHandler
</UL>

<P><STRONG><a name="[86]"></a>EXTI_Init</STRONG> (Thumb, 142 bytes, Stack size 0 bytes, stm32f4xx_exti.o(i.EXTI_Init))
<BR><BR>[Called By]<UL><LI><a href="#[81]">&gt;&gt;</a>&nbsp;&nbsp;&nbsp;Eth_Link_EXTIConfig
</UL>

<P><STRONG><a name="[89]"></a>FMC_NORSRAMCmd</STRONG> (Thumb, 46 bytes, Stack size 0 bytes, stm32f4xx_fmc.o(i.FMC_NORSRAMCmd))
<BR><BR>[Called By]<UL><LI><a href="#[87]">&gt;&gt;</a>&nbsp;&nbsp;&nbsp;HC574_ConfigFMC
</UL>

<P><STRONG><a name="[88]"></a>FMC_NORSRAMInit</STRONG> (Thumb, 316 bytes, Stack size 8 bytes, stm32f4xx_fmc.o(i.FMC_NORSRAMInit))
<BR><BR>[Stack]<UL><LI>Max Depth = 8<LI>Call Chain = FMC_NORSRAMInit
</UL>
<BR>[Called By]<UL><LI><a href="#[87]">&gt;&gt;</a>&nbsp;&nbsp;&nbsp;HC574_ConfigFMC
</UL>

<P><STRONG><a name="[84]"></a>GPIO_Init</STRONG> (Thumb, 144 bytes, Stack size 20 bytes, stm32f4xx_gpio.o(i.GPIO_Init))
<BR><BR>[Stack]<UL><LI>Max Depth = 20<LI>Call Chain = GPIO_Init
</UL>
<BR>[Called By]<UL><LI><a href="#[8a]">&gt;&gt;</a>&nbsp;&nbsp;&nbsp;HC574_ConfigGPIO
<LI><a href="#[dd]">&gt;&gt;</a>&nbsp;&nbsp;&nbsp;bsp_InitKeyHard
<LI><a href="#[92]">&gt;&gt;</a>&nbsp;&nbsp;&nbsp;RS485_InitTXE
<LI><a href="#[8d]">&gt;&gt;</a>&nbsp;&nbsp;&nbsp;InitHardUart
<LI><a href="#[81]">&gt;&gt;</a>&nbsp;&nbsp;&nbsp;Eth_Link_EXTIConfig
</UL>

<P><STRONG><a name="[8c]"></a>GPIO_PinAFConfig</STRONG> (Thumb, 70 bytes, Stack size 20 bytes, stm32f4xx_gpio.o(i.GPIO_PinAFConfig))
<BR><BR>[Stack]<UL><LI>Max Depth = 20<LI>Call Chain = GPIO_PinAFConfig
</UL>
<BR>[Called By]<UL><LI><a href="#[8a]">&gt;&gt;</a>&nbsp;&nbsp;&nbsp;HC574_ConfigGPIO
<LI><a href="#[8d]">&gt;&gt;</a>&nbsp;&nbsp;&nbsp;InitHardUart
</UL>

<P><STRONG><a name="[e1]"></a>HC574_SetPin</STRONG> (Thumb, 34 bytes, Stack size 0 bytes, bsp_ext_io.o(i.HC574_SetPin))
<BR><BR>[Called By]<UL><LI><a href="#[de]">&gt;&gt;</a>&nbsp;&nbsp;&nbsp;bsp_LedOff
</UL>

<P><STRONG><a name="[2]"></a>HardFault_Handler</STRONG> (Thumb, 38 bytes, Stack size 0 bytes, stm32f4xx_it.o(i.HardFault_Handler))
<BR>[Address Reference Count : 1]<UL><LI> startup_stm32f429_439xx.o(RESET)
</UL>
<P><STRONG><a name="[3]"></a>MemManage_Handler</STRONG> (Thumb, 4 bytes, Stack size 0 bytes, stm32f4xx_it.o(i.MemManage_Handler))
<BR>[Address Reference Count : 1]<UL><LI> startup_stm32f429_439xx.o(RESET)
</UL>
<P><STRONG><a name="[1]"></a>NMI_Handler</STRONG> (Thumb, 2 bytes, Stack size 0 bytes, stm32f4xx_it.o(i.NMI_Handler))
<BR>[Address Reference Count : 1]<UL><LI> startup_stm32f429_439xx.o(RESET)
</UL>
<P><STRONG><a name="[7b]"></a>NVIC_Init</STRONG> (Thumb, 106 bytes, Stack size 16 bytes, misc.o(i.NVIC_Init))
<BR><BR>[Stack]<UL><LI>Max Depth = 16<LI>Call Chain = NVIC_Init
</UL>
<BR>[Called By]<UL><LI><a href="#[d8]">&gt;&gt;</a>&nbsp;&nbsp;&nbsp;bsp_InitHardTimer
<LI><a href="#[7a]">&gt;&gt;</a>&nbsp;&nbsp;&nbsp;ConfigUartNVIC
<LI><a href="#[81]">&gt;&gt;</a>&nbsp;&nbsp;&nbsp;Eth_Link_EXTIConfig
</UL>

<P><STRONG><a name="[d1]"></a>NVIC_PriorityGroupConfig</STRONG> (Thumb, 10 bytes, Stack size 0 bytes, misc.o(i.NVIC_PriorityGroupConfig))
<BR><BR>[Called By]<UL><LI><a href="#[d0]">&gt;&gt;</a>&nbsp;&nbsp;&nbsp;bsp_Init
</UL>

<P><STRONG><a name="[82]"></a>RCC_AHB1PeriphClockCmd</STRONG> (Thumb, 26 bytes, Stack size 0 bytes, stm32f4xx_rcc.o(i.RCC_AHB1PeriphClockCmd))
<BR><BR>[Called By]<UL><LI><a href="#[8a]">&gt;&gt;</a>&nbsp;&nbsp;&nbsp;HC574_ConfigGPIO
<LI><a href="#[dd]">&gt;&gt;</a>&nbsp;&nbsp;&nbsp;bsp_InitKeyHard
<LI><a href="#[92]">&gt;&gt;</a>&nbsp;&nbsp;&nbsp;RS485_InitTXE
<LI><a href="#[8d]">&gt;&gt;</a>&nbsp;&nbsp;&nbsp;InitHardUart
<LI><a href="#[81]">&gt;&gt;</a>&nbsp;&nbsp;&nbsp;Eth_Link_EXTIConfig
</UL>

<P><STRONG><a name="[8b]"></a>RCC_AHB3PeriphClockCmd</STRONG> (Thumb, 26 bytes, Stack size 0 bytes, stm32f4xx_rcc.o(i.RCC_AHB3PeriphClockCmd))
<BR><BR>[Called By]<UL><LI><a href="#[8a]">&gt;&gt;</a>&nbsp;&nbsp;&nbsp;HC574_ConfigGPIO
</UL>

<P><STRONG><a name="[d9]"></a>RCC_APB1PeriphClockCmd</STRONG> (Thumb, 26 bytes, Stack size 0 bytes, stm32f4xx_rcc.o(i.RCC_APB1PeriphClockCmd))
<BR><BR>[Called By]<UL><LI><a href="#[d8]">&gt;&gt;</a>&nbsp;&nbsp;&nbsp;bsp_InitHardTimer
</UL>

<P><STRONG><a name="[83]"></a>RCC_APB2PeriphClockCmd</STRONG> (Thumb, 26 bytes, Stack size 0 bytes, stm32f4xx_rcc.o(i.RCC_APB2PeriphClockCmd))
<BR><BR>[Called By]<UL><LI><a href="#[8d]">&gt;&gt;</a>&nbsp;&nbsp;&nbsp;InitHardUart
<LI><a href="#[81]">&gt;&gt;</a>&nbsp;&nbsp;&nbsp;Eth_Link_EXTIConfig
</UL>

<P><STRONG><a name="[aa]"></a>RCC_GetClocksFreq</STRONG> (Thumb, 214 bytes, Stack size 20 bytes, stm32f4xx_rcc.o(i.RCC_GetClocksFreq))
<BR><BR>[Stack]<UL><LI>Max Depth = 20<LI>Call Chain = RCC_GetClocksFreq
</UL>
<BR>[Called By]<UL><LI><a href="#[8e]">&gt;&gt;</a>&nbsp;&nbsp;&nbsp;USART_Init
</UL>

<P><STRONG><a name="[92]"></a>RS485_InitTXE</STRONG> (Thumb, 46 bytes, Stack size 16 bytes, bsp_uart_fifo.o(i.RS485_InitTXE))
<BR><BR>[Stack]<UL><LI>Max Depth = 36<LI>Call Chain = RS485_InitTXE &rArr; GPIO_Init
</UL>
<BR>[Calls]<UL><LI><a href="#[82]">&gt;&gt;</a>&nbsp;&nbsp;&nbsp;RCC_AHB1PeriphClockCmd
<LI><a href="#[84]">&gt;&gt;</a>&nbsp;&nbsp;&nbsp;GPIO_Init
</UL>
<BR>[Called By]<UL><LI><a href="#[d3]">&gt;&gt;</a>&nbsp;&nbsp;&nbsp;bsp_InitUart
</UL>

<P><STRONG><a name="[85]"></a>SYSCFG_EXTILineConfig</STRONG> (Thumb, 60 bytes, Stack size 12 bytes, stm32f4xx_syscfg.o(i.SYSCFG_EXTILineConfig))
<BR><BR>[Stack]<UL><LI>Max Depth = 12<LI>Call Chain = SYSCFG_EXTILineConfig
</UL>
<BR>[Called By]<UL><LI><a href="#[81]">&gt;&gt;</a>&nbsp;&nbsp;&nbsp;Eth_Link_EXTIConfig
</UL>

<P><STRONG><a name="[9]"></a>SysTick_Handler</STRONG> (Thumb, 8 bytes, Stack size 8 bytes, bsp_timer.o(i.SysTick_Handler))
<BR><BR>[Stack]<UL><LI>Max Depth = 48<LI>Call Chain = SysTick_Handler &rArr; SysTick_ISR &rArr; bsp_RunPer10ms &rArr; bsp_KeyScan &rArr; bsp_DetectKey
</UL>
<BR>[Calls]<UL><LI><a href="#[93]">&gt;&gt;</a>&nbsp;&nbsp;&nbsp;SysTick_ISR
</UL>
<BR>[Address Reference Count : 1]<UL><LI> startup_stm32f429_439xx.o(RESET)
</UL>
<P><STRONG><a name="[93]"></a>SysTick_ISR</STRONG> (Thumb, 110 bytes, Stack size 8 bytes, bsp_timer.o(i.SysTick_ISR))
<BR><BR>[Stack]<UL><LI>Max Depth = 40<LI>Call Chain = SysTick_ISR &rArr; bsp_RunPer10ms &rArr; bsp_KeyScan &rArr; bsp_DetectKey
</UL>
<BR>[Calls]<UL><LI><a href="#[94]">&gt;&gt;</a>&nbsp;&nbsp;&nbsp;bsp_SoftTimerDec
<LI><a href="#[95]">&gt;&gt;</a>&nbsp;&nbsp;&nbsp;bsp_RunPer1ms
<LI><a href="#[96]">&gt;&gt;</a>&nbsp;&nbsp;&nbsp;bsp_RunPer10ms
</UL>
<BR>[Called By]<UL><LI><a href="#[9]">&gt;&gt;</a>&nbsp;&nbsp;&nbsp;SysTick_Handler
</UL>

<P><STRONG><a name="[d2]"></a>SystemCoreClockUpdate</STRONG> (Thumb, 170 bytes, Stack size 16 bytes, system_stm32f4xx.o(i.SystemCoreClockUpdate))
<BR><BR>[Stack]<UL><LI>Max Depth = 16<LI>Call Chain = SystemCoreClockUpdate
</UL>
<BR>[Called By]<UL><LI><a href="#[d0]">&gt;&gt;</a>&nbsp;&nbsp;&nbsp;bsp_Init
</UL>

<P><STRONG><a name="[66]"></a>SystemInit</STRONG> (Thumb, 88 bytes, Stack size 8 bytes, system_stm32f4xx.o(i.SystemInit))
<BR><BR>[Stack]<UL><LI>Max Depth = 20<LI>Call Chain = SystemInit &rArr; SetSysClock
</UL>
<BR>[Calls]<UL><LI><a href="#[97]">&gt;&gt;</a>&nbsp;&nbsp;&nbsp;SetSysClock
</UL>
<BR>[Address Reference Count : 1]<UL><LI> startup_stm32f429_439xx.o(.text)
</UL>
<P><STRONG><a name="[98]"></a>TCP_StatusCheck</STRONG> (Thumb, 66 bytes, Stack size 8 bytes, app_tcpnet_lib.o(i.TCP_StatusCheck))
<BR><BR>[Stack]<UL><LI>Max Depth = 32<LI>Call Chain = TCP_StatusCheck &rArr; __2printf
</UL>
<BR>[Calls]<UL><LI><a href="#[9a]">&gt;&gt;</a>&nbsp;&nbsp;&nbsp;tcp_listen
<LI><a href="#[99]">&gt;&gt;</a>&nbsp;&nbsp;&nbsp;tcp_get_state
<LI><a href="#[9b]">&gt;&gt;</a>&nbsp;&nbsp;&nbsp;__2printf
</UL>
<BR>[Called By]<UL><LI><a href="#[9c]">&gt;&gt;</a>&nbsp;&nbsp;&nbsp;TCPnetTest
</UL>

<P><STRONG><a name="[9c]"></a>TCPnetTest</STRONG> (Thumb, 460 bytes, Stack size 0 bytes, app_tcpnet_lib.o(i.TCPnetTest))
<BR><BR>[Stack]<UL><LI>Max Depth = 264<LI>Call Chain = TCPnetTest &rArr; tcpnet_poll &rArr; main_TcpNet &rArr; run_system &rArr; eth_run_link &rArr; tcp_process &rArr; tcp_send_reset &rArr; tcp_write &rArr; ip_send_frame &rArr; eth_send_frame &rArr; arp_cache_find &rArr; arp_send_request &rArr; debug_info
</UL>
<BR>[Calls]<UL><LI><a href="#[a5]">&gt;&gt;</a>&nbsp;&nbsp;&nbsp;tcp_send
<LI><a href="#[a3]">&gt;&gt;</a>&nbsp;&nbsp;&nbsp;tcp_max_dsize
<LI><a href="#[9a]">&gt;&gt;</a>&nbsp;&nbsp;&nbsp;tcp_listen
<LI><a href="#[99]">&gt;&gt;</a>&nbsp;&nbsp;&nbsp;tcp_get_state
<LI><a href="#[9e]">&gt;&gt;</a>&nbsp;&nbsp;&nbsp;tcp_get_socket
<LI><a href="#[a4]">&gt;&gt;</a>&nbsp;&nbsp;&nbsp;tcp_get_buf
<LI><a href="#[a2]">&gt;&gt;</a>&nbsp;&nbsp;&nbsp;tcp_check_send
<LI><a href="#[9d]">&gt;&gt;</a>&nbsp;&nbsp;&nbsp;init_TcpNet
<LI><a href="#[9f]">&gt;&gt;</a>&nbsp;&nbsp;&nbsp;bsp_StartAutoTimer
<LI><a href="#[a1]">&gt;&gt;</a>&nbsp;&nbsp;&nbsp;bsp_GetKey
<LI><a href="#[a0]">&gt;&gt;</a>&nbsp;&nbsp;&nbsp;tcpnet_poll
<LI><a href="#[98]">&gt;&gt;</a>&nbsp;&nbsp;&nbsp;TCP_StatusCheck
<LI><a href="#[9b]">&gt;&gt;</a>&nbsp;&nbsp;&nbsp;__2printf
</UL>
<BR>[Called By]<UL><LI><a href="#[65]">&gt;&gt;</a>&nbsp;&nbsp;&nbsp;main
</UL>

<P><STRONG><a name="[26]"></a>TIM2_IRQHandler</STRONG> (Thumb, 140 bytes, Stack size 8 bytes, bsp_timer.o(i.TIM2_IRQHandler))
<BR><BR>[Stack]<UL><LI>Max Depth = 20<LI>Call Chain = TIM2_IRQHandler &rArr; TIM_GetITStatus
</UL>
<BR>[Calls]<UL><LI><a href="#[a8]">&gt;&gt;</a>&nbsp;&nbsp;&nbsp;TIM_ITConfig
<LI><a href="#[a6]">&gt;&gt;</a>&nbsp;&nbsp;&nbsp;TIM_GetITStatus
<LI><a href="#[a7]">&gt;&gt;</a>&nbsp;&nbsp;&nbsp;TIM_ClearITPendingBit
</UL>
<BR>[Address Reference Count : 1]<UL><LI> startup_stm32f429_439xx.o(RESET)
</UL>
<P><STRONG><a name="[a7]"></a>TIM_ClearITPendingBit</STRONG> (Thumb, 6 bytes, Stack size 0 bytes, stm32f4xx_tim.o(i.TIM_ClearITPendingBit))
<BR><BR>[Called By]<UL><LI><a href="#[26]">&gt;&gt;</a>&nbsp;&nbsp;&nbsp;TIM2_IRQHandler
</UL>

<P><STRONG><a name="[db]"></a>TIM_Cmd</STRONG> (Thumb, 24 bytes, Stack size 0 bytes, stm32f4xx_tim.o(i.TIM_Cmd))
<BR><BR>[Called By]<UL><LI><a href="#[d8]">&gt;&gt;</a>&nbsp;&nbsp;&nbsp;bsp_InitHardTimer
</UL>

<P><STRONG><a name="[a6]"></a>TIM_GetITStatus</STRONG> (Thumb, 34 bytes, Stack size 12 bytes, stm32f4xx_tim.o(i.TIM_GetITStatus))
<BR><BR>[Stack]<UL><LI>Max Depth = 12<LI>Call Chain = TIM_GetITStatus
</UL>
<BR>[Called By]<UL><LI><a href="#[26]">&gt;&gt;</a>&nbsp;&nbsp;&nbsp;TIM2_IRQHandler
</UL>

<P><STRONG><a name="[a8]"></a>TIM_ITConfig</STRONG> (Thumb, 18 bytes, Stack size 0 bytes, stm32f4xx_tim.o(i.TIM_ITConfig))
<BR><BR>[Called By]<UL><LI><a href="#[26]">&gt;&gt;</a>&nbsp;&nbsp;&nbsp;TIM2_IRQHandler
</UL>

<P><STRONG><a name="[da]"></a>TIM_TimeBaseInit</STRONG> (Thumb, 104 bytes, Stack size 0 bytes, stm32f4xx_tim.o(i.TIM_TimeBaseInit))
<BR><BR>[Called By]<UL><LI><a href="#[d8]">&gt;&gt;</a>&nbsp;&nbsp;&nbsp;bsp_InitHardTimer
</UL>

<P><STRONG><a name="[2f]"></a>USART1_IRQHandler</STRONG> (Thumb, 10 bytes, Stack size 8 bytes, bsp_uart_fifo.o(i.USART1_IRQHandler))
<BR><BR>[Stack]<UL><LI>Max Depth = 44<LI>Call Chain = USART1_IRQHandler &rArr; UartIRQ &rArr; USART_ITConfig
</UL>
<BR>[Calls]<UL><LI><a href="#[a9]">&gt;&gt;</a>&nbsp;&nbsp;&nbsp;UartIRQ
</UL>
<BR>[Address Reference Count : 1]<UL><LI> startup_stm32f429_439xx.o(RESET)
</UL>
<P><STRONG><a name="[91]"></a>USART_ClearFlag</STRONG> (Thumb, 18 bytes, Stack size 0 bytes, stm32f4xx_usart.o(i.USART_ClearFlag))
<BR><BR>[Called By]<UL><LI><a href="#[8d]">&gt;&gt;</a>&nbsp;&nbsp;&nbsp;InitHardUart
</UL>

<P><STRONG><a name="[90]"></a>USART_Cmd</STRONG> (Thumb, 24 bytes, Stack size 0 bytes, stm32f4xx_usart.o(i.USART_Cmd))
<BR><BR>[Called By]<UL><LI><a href="#[8d]">&gt;&gt;</a>&nbsp;&nbsp;&nbsp;InitHardUart
</UL>

<P><STRONG><a name="[107]"></a>USART_GetFlagStatus</STRONG> (Thumb, 26 bytes, Stack size 0 bytes, stm32f4xx_usart.o(i.USART_GetFlagStatus))
<BR><BR>[Called By]<UL><LI><a href="#[69]">&gt;&gt;</a>&nbsp;&nbsp;&nbsp;fputc
</UL>

<P><STRONG><a name="[ab]"></a>USART_GetITStatus</STRONG> (Thumb, 84 bytes, Stack size 16 bytes, stm32f4xx_usart.o(i.USART_GetITStatus))
<BR><BR>[Stack]<UL><LI>Max Depth = 16<LI>Call Chain = USART_GetITStatus
</UL>
<BR>[Called By]<UL><LI><a href="#[a9]">&gt;&gt;</a>&nbsp;&nbsp;&nbsp;UartIRQ
</UL>

<P><STRONG><a name="[8f]"></a>USART_ITConfig</STRONG> (Thumb, 74 bytes, Stack size 20 bytes, stm32f4xx_usart.o(i.USART_ITConfig))
<BR><BR>[Stack]<UL><LI>Max Depth = 20<LI>Call Chain = USART_ITConfig
</UL>
<BR>[Called By]<UL><LI><a href="#[a9]">&gt;&gt;</a>&nbsp;&nbsp;&nbsp;UartIRQ
<LI><a href="#[8d]">&gt;&gt;</a>&nbsp;&nbsp;&nbsp;InitHardUart
</UL>

<P><STRONG><a name="[8e]"></a>USART_Init</STRONG> (Thumb, 204 bytes, Stack size 48 bytes, stm32f4xx_usart.o(i.USART_Init))
<BR><BR>[Stack]<UL><LI>Max Depth = 68<LI>Call Chain = USART_Init &rArr; RCC_GetClocksFreq
</UL>
<BR>[Calls]<UL><LI><a href="#[aa]">&gt;&gt;</a>&nbsp;&nbsp;&nbsp;RCC_GetClocksFreq
</UL>
<BR>[Called By]<UL><LI><a href="#[8d]">&gt;&gt;</a>&nbsp;&nbsp;&nbsp;InitHardUart
</UL>

<P><STRONG><a name="[ac]"></a>USART_ReceiveData</STRONG> (Thumb, 10 bytes, Stack size 0 bytes, stm32f4xx_usart.o(i.USART_ReceiveData))
<BR><BR>[Called By]<UL><LI><a href="#[a9]">&gt;&gt;</a>&nbsp;&nbsp;&nbsp;UartIRQ
</UL>

<P><STRONG><a name="[ad]"></a>USART_SendData</STRONG> (Thumb, 8 bytes, Stack size 0 bytes, stm32f4xx_usart.o(i.USART_SendData))
<BR><BR>[Called By]<UL><LI><a href="#[69]">&gt;&gt;</a>&nbsp;&nbsp;&nbsp;fputc
<LI><a href="#[a9]">&gt;&gt;</a>&nbsp;&nbsp;&nbsp;UartIRQ
</UL>

<P><STRONG><a name="[5]"></a>UsageFault_Handler</STRONG> (Thumb, 4 bytes, Stack size 0 bytes, stm32f4xx_it.o(i.UsageFault_Handler))
<BR>[Address Reference Count : 1]<UL><LI> startup_stm32f429_439xx.o(RESET)
</UL>
<P><STRONG><a name="[ae]"></a>__0printf$6</STRONG> (Thumb, 22 bytes, Stack size 24 bytes, printf6.o(i.__0printf$6), UNUSED)
<BR><BR>[Calls]<UL><LI><a href="#[af]">&gt;&gt;</a>&nbsp;&nbsp;&nbsp;_printf_core
</UL>

<P><STRONG><a name="[141]"></a>__1printf$6</STRONG> (Thumb, 0 bytes, Stack size 24 bytes, printf6.o(i.__0printf$6), UNUSED)

<P><STRONG><a name="[9b]"></a>__2printf</STRONG> (Thumb, 0 bytes, Stack size 24 bytes, printf6.o(i.__0printf$6))
<BR><BR>[Stack]<UL><LI>Max Depth = 24<LI>Call Chain = __2printf
</UL>
<BR>[Called By]<UL><LI><a href="#[9f]">&gt;&gt;</a>&nbsp;&nbsp;&nbsp;bsp_StartAutoTimer
<LI><a href="#[68]">&gt;&gt;</a>&nbsp;&nbsp;&nbsp;tcp_callback
<LI><a href="#[98]">&gt;&gt;</a>&nbsp;&nbsp;&nbsp;TCP_StatusCheck
<LI><a href="#[9c]">&gt;&gt;</a>&nbsp;&nbsp;&nbsp;TCPnetTest
<LI><a href="#[fe]">&gt;&gt;</a>&nbsp;&nbsp;&nbsp;init_ethernet
</UL>

<P><STRONG><a name="[b0]"></a>__0sprintf$6</STRONG> (Thumb, 34 bytes, Stack size 24 bytes, printf6.o(i.__0sprintf$6), UNUSED)
<BR><BR>[Calls]<UL><LI><a href="#[6a]">&gt;&gt;</a>&nbsp;&nbsp;&nbsp;_sputc
<LI><a href="#[af]">&gt;&gt;</a>&nbsp;&nbsp;&nbsp;_printf_core
</UL>

<P><STRONG><a name="[142]"></a>__1sprintf$6</STRONG> (Thumb, 0 bytes, Stack size 24 bytes, printf6.o(i.__0sprintf$6), UNUSED)

<P><STRONG><a name="[126]"></a>__2sprintf</STRONG> (Thumb, 0 bytes, Stack size 24 bytes, printf6.o(i.__0sprintf$6))
<BR><BR>[Stack]<UL><LI>Max Depth = 24<LI>Call Chain = __2sprintf
</UL>
<BR>[Called By]<UL><LI><a href="#[68]">&gt;&gt;</a>&nbsp;&nbsp;&nbsp;tcp_callback
</UL>

<P><STRONG><a name="[b5]"></a>__debug__</STRONG> (Thumb, 2 bytes, Stack size 0 bytes, net_debug.o(i.__debug__))
<BR><BR>[Called By]<UL><LI><a href="#[a5]">&gt;&gt;</a>&nbsp;&nbsp;&nbsp;tcp_send
<LI><a href="#[9a]">&gt;&gt;</a>&nbsp;&nbsp;&nbsp;tcp_listen
<LI><a href="#[9e]">&gt;&gt;</a>&nbsp;&nbsp;&nbsp;tcp_get_socket
<LI><a href="#[113]">&gt;&gt;</a>&nbsp;&nbsp;&nbsp;udp_init
<LI><a href="#[125]">&gt;&gt;</a>&nbsp;&nbsp;&nbsp;tcp_poll_sockets
<LI><a href="#[114]">&gt;&gt;</a>&nbsp;&nbsp;&nbsp;tcp_init
<LI><a href="#[115]">&gt;&gt;</a>&nbsp;&nbsp;&nbsp;nbns_init
<LI><a href="#[112]">&gt;&gt;</a>&nbsp;&nbsp;&nbsp;ip_init
<LI><a href="#[10a]">&gt;&gt;</a>&nbsp;&nbsp;&nbsp;icmp_run_engine
<LI><a href="#[108]">&gt;&gt;</a>&nbsp;&nbsp;&nbsp;icmp_init
<LI><a href="#[100]">&gt;&gt;</a>&nbsp;&nbsp;&nbsp;eth_run_link
<LI><a href="#[fd]">&gt;&gt;</a>&nbsp;&nbsp;&nbsp;eth_init_link
<LI><a href="#[f6]">&gt;&gt;</a>&nbsp;&nbsp;&nbsp;dhcp_run_client
<LI><a href="#[ed]">&gt;&gt;</a>&nbsp;&nbsp;&nbsp;dhcp_init
<LI><a href="#[ca]">&gt;&gt;</a>&nbsp;&nbsp;&nbsp;debug_info
<LI><a href="#[bc]">&gt;&gt;</a>&nbsp;&nbsp;&nbsp;debug_inf2
<LI><a href="#[c2]">&gt;&gt;</a>&nbsp;&nbsp;&nbsp;arp_send_request
<LI><a href="#[cb]">&gt;&gt;</a>&nbsp;&nbsp;&nbsp;arp_send_reply
<LI><a href="#[c8]">&gt;&gt;</a>&nbsp;&nbsp;&nbsp;arp_proc_response
<LI><a href="#[10d]">&gt;&gt;</a>&nbsp;&nbsp;&nbsp;init_mem
<LI><a href="#[c9]">&gt;&gt;</a>&nbsp;&nbsp;&nbsp;arp_process
<LI><a href="#[c5]">&gt;&gt;</a>&nbsp;&nbsp;&nbsp;arp_init
<LI><a href="#[c4]">&gt;&gt;</a>&nbsp;&nbsp;&nbsp;arp_cache_update
<LI><a href="#[c3]">&gt;&gt;</a>&nbsp;&nbsp;&nbsp;arp_cache_find
<LI><a href="#[c1]">&gt;&gt;</a>&nbsp;&nbsp;&nbsp;arp_cache_early
<LI><a href="#[b9]">&gt;&gt;</a>&nbsp;&nbsp;&nbsp;arp_cache_add
<LI><a href="#[ec]">&gt;&gt;</a>&nbsp;&nbsp;&nbsp;debug_info
<LI><a href="#[f4]">&gt;&gt;</a>&nbsp;&nbsp;&nbsp;proc_opt_req
<LI><a href="#[f3]">&gt;&gt;</a>&nbsp;&nbsp;&nbsp;dhcp_send_message
<LI><a href="#[75]">&gt;&gt;</a>&nbsp;&nbsp;&nbsp;dhcp_listener
<LI><a href="#[e7]">&gt;&gt;</a>&nbsp;&nbsp;&nbsp;debug_inf2
<LI><a href="#[76]">&gt;&gt;</a>&nbsp;&nbsp;&nbsp;nbns_listener
<LI><a href="#[fb]">&gt;&gt;</a>&nbsp;&nbsp;&nbsp;udp_send
<LI><a href="#[ef]">&gt;&gt;</a>&nbsp;&nbsp;&nbsp;udp_open
<LI><a href="#[ee]">&gt;&gt;</a>&nbsp;&nbsp;&nbsp;udp_get_socket
<LI><a href="#[eb]">&gt;&gt;</a>&nbsp;&nbsp;&nbsp;debug_info
<LI><a href="#[124]">&gt;&gt;</a>&nbsp;&nbsp;&nbsp;resize_mem
<LI><a href="#[133]">&gt;&gt;</a>&nbsp;&nbsp;&nbsp;tcp_set_cwnd
<LI><a href="#[132]">&gt;&gt;</a>&nbsp;&nbsp;&nbsp;tcp_send_reset
<LI><a href="#[134]">&gt;&gt;</a>&nbsp;&nbsp;&nbsp;tcp_send_data
<LI><a href="#[129]">&gt;&gt;</a>&nbsp;&nbsp;&nbsp;tcp_send_ctrl
<LI><a href="#[12a]">&gt;&gt;</a>&nbsp;&nbsp;&nbsp;tcp_que_resend
<LI><a href="#[130]">&gt;&gt;</a>&nbsp;&nbsp;&nbsp;tcp_proc_dupack
<LI><a href="#[12f]">&gt;&gt;</a>&nbsp;&nbsp;&nbsp;tcp_proc_acknr
<LI><a href="#[128]">&gt;&gt;</a>&nbsp;&nbsp;&nbsp;tcp_parse_opt
<LI><a href="#[ea]">&gt;&gt;</a>&nbsp;&nbsp;&nbsp;debug_info
<LI><a href="#[e5]">&gt;&gt;</a>&nbsp;&nbsp;&nbsp;debug_inf2
<LI><a href="#[e9]">&gt;&gt;</a>&nbsp;&nbsp;&nbsp;debug_info
<LI><a href="#[102]">&gt;&gt;</a>&nbsp;&nbsp;&nbsp;udp_process
<LI><a href="#[105]">&gt;&gt;</a>&nbsp;&nbsp;&nbsp;tcp_process
<LI><a href="#[103]">&gt;&gt;</a>&nbsp;&nbsp;&nbsp;icmp_process
<LI><a href="#[cd]">&gt;&gt;</a>&nbsp;&nbsp;&nbsp;free_mem
<LI><a href="#[106]">&gt;&gt;</a>&nbsp;&nbsp;&nbsp;eth_send_frame
<LI><a href="#[109]">&gt;&gt;</a>&nbsp;&nbsp;&nbsp;ip_send_frame
<LI><a href="#[101]">&gt;&gt;</a>&nbsp;&nbsp;&nbsp;ip_chk_frame
<LI><a href="#[11a]">&gt;&gt;</a>&nbsp;&nbsp;&nbsp;ip_loopback
<LI><a href="#[e8]">&gt;&gt;</a>&nbsp;&nbsp;&nbsp;debug_info
<LI><a href="#[7c]">&gt;&gt;</a>&nbsp;&nbsp;&nbsp;alloc_mem
</UL>

<P><STRONG><a name="[b4]"></a>__error__</STRONG> (Thumb, 2 bytes, Stack size 0 bytes, net_debug.o(i.__error__))
<BR><BR>[Called By]<UL><LI><a href="#[a5]">&gt;&gt;</a>&nbsp;&nbsp;&nbsp;tcp_send
<LI><a href="#[9a]">&gt;&gt;</a>&nbsp;&nbsp;&nbsp;tcp_listen
<LI><a href="#[9e]">&gt;&gt;</a>&nbsp;&nbsp;&nbsp;tcp_get_socket
<LI><a href="#[a4]">&gt;&gt;</a>&nbsp;&nbsp;&nbsp;tcp_get_buf
<LI><a href="#[a2]">&gt;&gt;</a>&nbsp;&nbsp;&nbsp;tcp_check_send
<LI><a href="#[125]">&gt;&gt;</a>&nbsp;&nbsp;&nbsp;tcp_poll_sockets
<LI><a href="#[115]">&gt;&gt;</a>&nbsp;&nbsp;&nbsp;nbns_init
<LI><a href="#[f6]">&gt;&gt;</a>&nbsp;&nbsp;&nbsp;dhcp_run_client
<LI><a href="#[ed]">&gt;&gt;</a>&nbsp;&nbsp;&nbsp;dhcp_init
<LI><a href="#[c8]">&gt;&gt;</a>&nbsp;&nbsp;&nbsp;arp_proc_response
<LI><a href="#[bf]">&gt;&gt;</a>&nbsp;&nbsp;&nbsp;arp_cache_alloc
<LI><a href="#[c9]">&gt;&gt;</a>&nbsp;&nbsp;&nbsp;arp_process
<LI><a href="#[c3]">&gt;&gt;</a>&nbsp;&nbsp;&nbsp;arp_cache_find
<LI><a href="#[b9]">&gt;&gt;</a>&nbsp;&nbsp;&nbsp;arp_cache_add
<LI><a href="#[75]">&gt;&gt;</a>&nbsp;&nbsp;&nbsp;dhcp_listener
<LI><a href="#[76]">&gt;&gt;</a>&nbsp;&nbsp;&nbsp;nbns_listener
<LI><a href="#[fb]">&gt;&gt;</a>&nbsp;&nbsp;&nbsp;udp_send
<LI><a href="#[ef]">&gt;&gt;</a>&nbsp;&nbsp;&nbsp;udp_open
<LI><a href="#[ee]">&gt;&gt;</a>&nbsp;&nbsp;&nbsp;udp_get_socket
<LI><a href="#[f7]">&gt;&gt;</a>&nbsp;&nbsp;&nbsp;udp_get_buf
<LI><a href="#[124]">&gt;&gt;</a>&nbsp;&nbsp;&nbsp;resize_mem
<LI><a href="#[127]">&gt;&gt;</a>&nbsp;&nbsp;&nbsp;tcp_map_socket
<LI><a href="#[102]">&gt;&gt;</a>&nbsp;&nbsp;&nbsp;udp_process
<LI><a href="#[105]">&gt;&gt;</a>&nbsp;&nbsp;&nbsp;tcp_process
<LI><a href="#[103]">&gt;&gt;</a>&nbsp;&nbsp;&nbsp;icmp_process
<LI><a href="#[cd]">&gt;&gt;</a>&nbsp;&nbsp;&nbsp;free_mem
<LI><a href="#[106]">&gt;&gt;</a>&nbsp;&nbsp;&nbsp;eth_send_frame
<LI><a href="#[109]">&gt;&gt;</a>&nbsp;&nbsp;&nbsp;ip_send_frame
<LI><a href="#[101]">&gt;&gt;</a>&nbsp;&nbsp;&nbsp;ip_chk_frame
<LI><a href="#[11a]">&gt;&gt;</a>&nbsp;&nbsp;&nbsp;ip_loopback
<LI><a href="#[7c]">&gt;&gt;</a>&nbsp;&nbsp;&nbsp;alloc_mem
</UL>

<P><STRONG><a name="[143]"></a>__scatterload_copy</STRONG> (Thumb, 14 bytes, Stack size unknown bytes, handlers.o(i.__scatterload_copy), UNUSED)

<P><STRONG><a name="[144]"></a>__scatterload_null</STRONG> (Thumb, 2 bytes, Stack size unknown bytes, handlers.o(i.__scatterload_null), UNUSED)

<P><STRONG><a name="[145]"></a>__scatterload_zeroinit</STRONG> (Thumb, 14 bytes, Stack size unknown bytes, handlers.o(i.__scatterload_zeroinit), UNUSED)

<P><STRONG><a name="[7c]"></a>alloc_mem</STRONG> (Thumb, 258 bytes, Stack size 32 bytes, at_mem.o(i.alloc_mem))
<BR><BR>[Stack]<UL><LI>Max Depth = 32<LI>Call Chain = alloc_mem
</UL>
<BR>[Calls]<UL><LI><a href="#[b4]">&gt;&gt;</a>&nbsp;&nbsp;&nbsp;__error__
<LI><a href="#[b5]">&gt;&gt;</a>&nbsp;&nbsp;&nbsp;__debug__
<LI><a href="#[b8]">&gt;&gt;</a>&nbsp;&nbsp;&nbsp;sys_error
<LI><a href="#[b7]">&gt;&gt;</a>&nbsp;&nbsp;&nbsp;int_enable_eth
<LI><a href="#[b6]">&gt;&gt;</a>&nbsp;&nbsp;&nbsp;int_disable_eth
</UL>
<BR>[Called By]<UL><LI><a href="#[a4]">&gt;&gt;</a>&nbsp;&nbsp;&nbsp;tcp_get_buf
<LI><a href="#[c2]">&gt;&gt;</a>&nbsp;&nbsp;&nbsp;arp_send_request
<LI><a href="#[cb]">&gt;&gt;</a>&nbsp;&nbsp;&nbsp;arp_send_reply
<LI><a href="#[76]">&gt;&gt;</a>&nbsp;&nbsp;&nbsp;nbns_listener
<LI><a href="#[f7]">&gt;&gt;</a>&nbsp;&nbsp;&nbsp;udp_get_buf
<LI><a href="#[132]">&gt;&gt;</a>&nbsp;&nbsp;&nbsp;tcp_send_reset
<LI><a href="#[129]">&gt;&gt;</a>&nbsp;&nbsp;&nbsp;tcp_send_ctrl
<LI><a href="#[10b]">&gt;&gt;</a>&nbsp;&nbsp;&nbsp;icmp_send_message
<LI><a href="#[103]">&gt;&gt;</a>&nbsp;&nbsp;&nbsp;icmp_process
<LI><a href="#[11a]">&gt;&gt;</a>&nbsp;&nbsp;&nbsp;ip_loopback
<LI><a href="#[47]">&gt;&gt;</a>&nbsp;&nbsp;&nbsp;ETH_IRQHandler
</UL>

<P><STRONG><a name="[b9]"></a>arp_cache_add</STRONG> (Thumb, 252 bytes, Stack size 24 bytes, at_arp.o(i.arp_cache_add))
<BR><BR>[Stack]<UL><LI>Max Depth = 48<LI>Call Chain = arp_cache_add &rArr; debug_inf2
</UL>
<BR>[Calls]<UL><LI><a href="#[b4]">&gt;&gt;</a>&nbsp;&nbsp;&nbsp;__error__
<LI><a href="#[b5]">&gt;&gt;</a>&nbsp;&nbsp;&nbsp;__debug__
<LI><a href="#[bc]">&gt;&gt;</a>&nbsp;&nbsp;&nbsp;debug_inf2
<LI><a href="#[ba]">&gt;&gt;</a>&nbsp;&nbsp;&nbsp;arp_is_cacheable
<LI><a href="#[bf]">&gt;&gt;</a>&nbsp;&nbsp;&nbsp;arp_cache_alloc
<LI><a href="#[be]">&gt;&gt;</a>&nbsp;&nbsp;&nbsp;nrd_u32be
<LI><a href="#[c0]">&gt;&gt;</a>&nbsp;&nbsp;&nbsp;mem_copy
<LI><a href="#[bb]">&gt;&gt;</a>&nbsp;&nbsp;&nbsp;mem_comp
<LI><a href="#[bd]">&gt;&gt;</a>&nbsp;&nbsp;&nbsp;is_subnet
</UL>
<BR>[Called By]<UL><LI><a href="#[100]">&gt;&gt;</a>&nbsp;&nbsp;&nbsp;eth_run_link
<LI><a href="#[c9]">&gt;&gt;</a>&nbsp;&nbsp;&nbsp;arp_process
</UL>

<P><STRONG><a name="[c1]"></a>arp_cache_early</STRONG> (Thumb, 176 bytes, Stack size 24 bytes, at_arp.o(i.arp_cache_early))
<BR><BR>[Stack]<UL><LI>Max Depth = 80<LI>Call Chain = arp_cache_early &rArr; arp_send_request &rArr; debug_info
</UL>
<BR>[Calls]<UL><LI><a href="#[b5]">&gt;&gt;</a>&nbsp;&nbsp;&nbsp;__debug__
<LI><a href="#[bc]">&gt;&gt;</a>&nbsp;&nbsp;&nbsp;debug_inf2
<LI><a href="#[c2]">&gt;&gt;</a>&nbsp;&nbsp;&nbsp;arp_send_request
<LI><a href="#[ba]">&gt;&gt;</a>&nbsp;&nbsp;&nbsp;arp_is_cacheable
<LI><a href="#[bf]">&gt;&gt;</a>&nbsp;&nbsp;&nbsp;arp_cache_alloc
<LI><a href="#[c0]">&gt;&gt;</a>&nbsp;&nbsp;&nbsp;mem_copy
<LI><a href="#[bb]">&gt;&gt;</a>&nbsp;&nbsp;&nbsp;mem_comp
<LI><a href="#[bd]">&gt;&gt;</a>&nbsp;&nbsp;&nbsp;is_subnet
</UL>
<BR>[Called By]<UL><LI><a href="#[100]">&gt;&gt;</a>&nbsp;&nbsp;&nbsp;eth_run_link
</UL>

<P><STRONG><a name="[c3]"></a>arp_cache_find</STRONG> (Thumb, 216 bytes, Stack size 32 bytes, at_arp.o(i.arp_cache_find))
<BR><BR>[Stack]<UL><LI>Max Depth = 88<LI>Call Chain = arp_cache_find &rArr; arp_send_request &rArr; debug_info
</UL>
<BR>[Calls]<UL><LI><a href="#[b4]">&gt;&gt;</a>&nbsp;&nbsp;&nbsp;__error__
<LI><a href="#[b5]">&gt;&gt;</a>&nbsp;&nbsp;&nbsp;__debug__
<LI><a href="#[bc]">&gt;&gt;</a>&nbsp;&nbsp;&nbsp;debug_inf2
<LI><a href="#[c2]">&gt;&gt;</a>&nbsp;&nbsp;&nbsp;arp_send_request
<LI><a href="#[bf]">&gt;&gt;</a>&nbsp;&nbsp;&nbsp;arp_cache_alloc
<LI><a href="#[be]">&gt;&gt;</a>&nbsp;&nbsp;&nbsp;nrd_u32be
<LI><a href="#[c0]">&gt;&gt;</a>&nbsp;&nbsp;&nbsp;mem_copy
<LI><a href="#[bb]">&gt;&gt;</a>&nbsp;&nbsp;&nbsp;mem_comp
<LI><a href="#[bd]">&gt;&gt;</a>&nbsp;&nbsp;&nbsp;is_subnet
</UL>
<BR>[Called By]<UL><LI><a href="#[106]">&gt;&gt;</a>&nbsp;&nbsp;&nbsp;eth_send_frame
</UL>

<P><STRONG><a name="[c4]"></a>arp_cache_update</STRONG> (Thumb, 312 bytes, Stack size 24 bytes, at_arp.o(i.arp_cache_update))
<BR><BR>[Stack]<UL><LI>Max Depth = 80<LI>Call Chain = arp_cache_update &rArr; arp_send_request &rArr; debug_info
</UL>
<BR>[Calls]<UL><LI><a href="#[b5]">&gt;&gt;</a>&nbsp;&nbsp;&nbsp;__debug__
<LI><a href="#[bc]">&gt;&gt;</a>&nbsp;&nbsp;&nbsp;debug_inf2
<LI><a href="#[c2]">&gt;&gt;</a>&nbsp;&nbsp;&nbsp;arp_send_request
<LI><a href="#[be]">&gt;&gt;</a>&nbsp;&nbsp;&nbsp;nrd_u32be
<LI><a href="#[bb]">&gt;&gt;</a>&nbsp;&nbsp;&nbsp;mem_comp
</UL>
<BR>[Called By]<UL><LI><a href="#[100]">&gt;&gt;</a>&nbsp;&nbsp;&nbsp;eth_run_link
</UL>

<P><STRONG><a name="[c5]"></a>arp_init</STRONG> (Thumb, 44 bytes, Stack size 16 bytes, at_arp.o(i.arp_init))
<BR><BR>[Stack]<UL><LI>Max Depth = 16<LI>Call Chain = arp_init
</UL>
<BR>[Calls]<UL><LI><a href="#[b5]">&gt;&gt;</a>&nbsp;&nbsp;&nbsp;__debug__
</UL>
<BR>[Called By]<UL><LI><a href="#[fd]">&gt;&gt;</a>&nbsp;&nbsp;&nbsp;eth_init_link
</UL>

<P><STRONG><a name="[c6]"></a>arp_notify</STRONG> (Thumb, 26 bytes, Stack size 0 bytes, at_arp.o(i.arp_notify))
<BR><BR>[Stack]<UL><LI>Max Depth = 56<LI>Call Chain = arp_notify &rArr; arp_send_request &rArr; debug_info
</UL>
<BR>[Calls]<UL><LI><a href="#[c2]">&gt;&gt;</a>&nbsp;&nbsp;&nbsp;arp_send_request
</UL>
<BR>[Called By]<UL><LI><a href="#[f6]">&gt;&gt;</a>&nbsp;&nbsp;&nbsp;dhcp_run_client
<LI><a href="#[75]">&gt;&gt;</a>&nbsp;&nbsp;&nbsp;dhcp_listener
</UL>

<P><STRONG><a name="[c7]"></a>arp_probe</STRONG> (Thumb, 14 bytes, Stack size 0 bytes, at_arp.o(i.arp_probe))
<BR><BR>[Stack]<UL><LI>Max Depth = 56<LI>Call Chain = arp_probe &rArr; arp_send_request &rArr; debug_info
</UL>
<BR>[Calls]<UL><LI><a href="#[c2]">&gt;&gt;</a>&nbsp;&nbsp;&nbsp;arp_send_request
</UL>
<BR>[Called By]<UL><LI><a href="#[f6]">&gt;&gt;</a>&nbsp;&nbsp;&nbsp;dhcp_run_client
</UL>

<P><STRONG><a name="[c9]"></a>arp_process</STRONG> (Thumb, 360 bytes, Stack size 24 bytes, at_arp.o(i.arp_process))
<BR><BR>[Stack]<UL><LI>Max Depth = 80<LI>Call Chain = arp_process &rArr; arp_send_reply &rArr; debug_info
</UL>
<BR>[Calls]<UL><LI><a href="#[b4]">&gt;&gt;</a>&nbsp;&nbsp;&nbsp;__error__
<LI><a href="#[b5]">&gt;&gt;</a>&nbsp;&nbsp;&nbsp;__debug__
<LI><a href="#[ca]">&gt;&gt;</a>&nbsp;&nbsp;&nbsp;debug_info
<LI><a href="#[cb]">&gt;&gt;</a>&nbsp;&nbsp;&nbsp;arp_send_reply
<LI><a href="#[c8]">&gt;&gt;</a>&nbsp;&nbsp;&nbsp;arp_proc_response
<LI><a href="#[b9]">&gt;&gt;</a>&nbsp;&nbsp;&nbsp;arp_cache_add
<LI><a href="#[be]">&gt;&gt;</a>&nbsp;&nbsp;&nbsp;nrd_u32be
<LI><a href="#[c0]">&gt;&gt;</a>&nbsp;&nbsp;&nbsp;mem_copy
<LI><a href="#[bb]">&gt;&gt;</a>&nbsp;&nbsp;&nbsp;mem_comp
</UL>
<BR>[Called By]<UL><LI><a href="#[100]">&gt;&gt;</a>&nbsp;&nbsp;&nbsp;eth_run_link
</UL>

<P><STRONG><a name="[12b]"></a>avail_mem</STRONG> (Thumb, 22 bytes, Stack size 0 bytes, at_mem.o(i.avail_mem))
<BR><BR>[Called By]<UL><LI><a href="#[125]">&gt;&gt;</a>&nbsp;&nbsp;&nbsp;tcp_poll_sockets
</UL>

<P><STRONG><a name="[136]"></a>bsp_CheckTimer</STRONG> (Thumb, 48 bytes, Stack size 0 bytes, bsp_timer.o(i.bsp_CheckTimer))
<BR><BR>[Called By]<UL><LI><a href="#[a0]">&gt;&gt;</a>&nbsp;&nbsp;&nbsp;tcpnet_poll
</UL>

<P><STRONG><a name="[a1]"></a>bsp_GetKey</STRONG> (Thumb, 46 bytes, Stack size 0 bytes, bsp_key.o(i.bsp_GetKey))
<BR><BR>[Called By]<UL><LI><a href="#[9c]">&gt;&gt;</a>&nbsp;&nbsp;&nbsp;TCPnetTest
</UL>

<P><STRONG><a name="[d0]"></a>bsp_Init</STRONG> (Thumb, 36 bytes, Stack size 8 bytes, bsp.o(i.bsp_Init))
<BR><BR>[Stack]<UL><LI>Max Depth = 120<LI>Call Chain = bsp_Init &rArr; bsp_InitExtIO &rArr; HC574_ConfigFMC &rArr; FMC_NORSRAMInit
</UL>
<BR>[Calls]<UL><LI><a href="#[d3]">&gt;&gt;</a>&nbsp;&nbsp;&nbsp;bsp_InitUart
<LI><a href="#[d5]">&gt;&gt;</a>&nbsp;&nbsp;&nbsp;bsp_InitTimer
<LI><a href="#[d7]">&gt;&gt;</a>&nbsp;&nbsp;&nbsp;bsp_InitLed
<LI><a href="#[d4]">&gt;&gt;</a>&nbsp;&nbsp;&nbsp;bsp_InitKey
<LI><a href="#[d6]">&gt;&gt;</a>&nbsp;&nbsp;&nbsp;bsp_InitExtIO
<LI><a href="#[d2]">&gt;&gt;</a>&nbsp;&nbsp;&nbsp;SystemCoreClockUpdate
<LI><a href="#[d1]">&gt;&gt;</a>&nbsp;&nbsp;&nbsp;NVIC_PriorityGroupConfig
</UL>
<BR>[Called By]<UL><LI><a href="#[65]">&gt;&gt;</a>&nbsp;&nbsp;&nbsp;main
</UL>

<P><STRONG><a name="[d6]"></a>bsp_InitExtIO</STRONG> (Thumb, 28 bytes, Stack size 8 bytes, bsp_ext_io.o(i.bsp_InitExtIO))
<BR><BR>[Stack]<UL><LI>Max Depth = 112<LI>Call Chain = bsp_InitExtIO &rArr; HC574_ConfigFMC &rArr; FMC_NORSRAMInit
</UL>
<BR>[Calls]<UL><LI><a href="#[8a]">&gt;&gt;</a>&nbsp;&nbsp;&nbsp;HC574_ConfigGPIO
<LI><a href="#[87]">&gt;&gt;</a>&nbsp;&nbsp;&nbsp;HC574_ConfigFMC
</UL>
<BR>[Called By]<UL><LI><a href="#[d0]">&gt;&gt;</a>&nbsp;&nbsp;&nbsp;bsp_Init
</UL>

<P><STRONG><a name="[d8]"></a>bsp_InitHardTimer</STRONG> (Thumb, 94 bytes, Stack size 32 bytes, bsp_timer.o(i.bsp_InitHardTimer))
<BR><BR>[Stack]<UL><LI>Max Depth = 48<LI>Call Chain = bsp_InitHardTimer &rArr; NVIC_Init
</UL>
<BR>[Calls]<UL><LI><a href="#[da]">&gt;&gt;</a>&nbsp;&nbsp;&nbsp;TIM_TimeBaseInit
<LI><a href="#[db]">&gt;&gt;</a>&nbsp;&nbsp;&nbsp;TIM_Cmd
<LI><a href="#[d9]">&gt;&gt;</a>&nbsp;&nbsp;&nbsp;RCC_APB1PeriphClockCmd
<LI><a href="#[7b]">&gt;&gt;</a>&nbsp;&nbsp;&nbsp;NVIC_Init
</UL>
<BR>[Called By]<UL><LI><a href="#[d5]">&gt;&gt;</a>&nbsp;&nbsp;&nbsp;bsp_InitTimer
</UL>

<P><STRONG><a name="[d4]"></a>bsp_InitKey</STRONG> (Thumb, 12 bytes, Stack size 8 bytes, bsp_key.o(i.bsp_InitKey))
<BR><BR>[Stack]<UL><LI>Max Depth = 44<LI>Call Chain = bsp_InitKey &rArr; bsp_InitKeyHard &rArr; GPIO_Init
</UL>
<BR>[Calls]<UL><LI><a href="#[dc]">&gt;&gt;</a>&nbsp;&nbsp;&nbsp;bsp_InitKeyVar
<LI><a href="#[dd]">&gt;&gt;</a>&nbsp;&nbsp;&nbsp;bsp_InitKeyHard
</UL>
<BR>[Called By]<UL><LI><a href="#[d0]">&gt;&gt;</a>&nbsp;&nbsp;&nbsp;bsp_Init
</UL>

<P><STRONG><a name="[d7]"></a>bsp_InitLed</STRONG> (Thumb, 28 bytes, Stack size 8 bytes, bsp_led.o(i.bsp_InitLed))
<BR><BR>[Stack]<UL><LI>Max Depth = 16<LI>Call Chain = bsp_InitLed &rArr; bsp_LedOff
</UL>
<BR>[Calls]<UL><LI><a href="#[de]">&gt;&gt;</a>&nbsp;&nbsp;&nbsp;bsp_LedOff
</UL>
<BR>[Called By]<UL><LI><a href="#[d0]">&gt;&gt;</a>&nbsp;&nbsp;&nbsp;bsp_Init
</UL>

<P><STRONG><a name="[d5]"></a>bsp_InitTimer</STRONG> (Thumb, 140 bytes, Stack size 16 bytes, bsp_timer.o(i.bsp_InitTimer))
<BR><BR>[Stack]<UL><LI>Max Depth = 64<LI>Call Chain = bsp_InitTimer &rArr; bsp_InitHardTimer &rArr; NVIC_Init
</UL>
<BR>[Calls]<UL><LI><a href="#[d8]">&gt;&gt;</a>&nbsp;&nbsp;&nbsp;bsp_InitHardTimer
</UL>
<BR>[Called By]<UL><LI><a href="#[d0]">&gt;&gt;</a>&nbsp;&nbsp;&nbsp;bsp_Init
</UL>

<P><STRONG><a name="[d3]"></a>bsp_InitUart</STRONG> (Thumb, 20 bytes, Stack size 8 bytes, bsp_uart_fifo.o(i.bsp_InitUart))
<BR><BR>[Stack]<UL><LI>Max Depth = 108<LI>Call Chain = bsp_InitUart &rArr; InitHardUart &rArr; USART_Init &rArr; RCC_GetClocksFreq
</UL>
<BR>[Calls]<UL><LI><a href="#[92]">&gt;&gt;</a>&nbsp;&nbsp;&nbsp;RS485_InitTXE
<LI><a href="#[df]">&gt;&gt;</a>&nbsp;&nbsp;&nbsp;UartVarInit
<LI><a href="#[8d]">&gt;&gt;</a>&nbsp;&nbsp;&nbsp;InitHardUart
<LI><a href="#[7a]">&gt;&gt;</a>&nbsp;&nbsp;&nbsp;ConfigUartNVIC
</UL>
<BR>[Called By]<UL><LI><a href="#[d0]">&gt;&gt;</a>&nbsp;&nbsp;&nbsp;bsp_Init
</UL>

<P><STRONG><a name="[e0]"></a>bsp_KeyScan</STRONG> (Thumb, 22 bytes, Stack size 8 bytes, bsp_key.o(i.bsp_KeyScan))
<BR><BR>[Stack]<UL><LI>Max Depth = 24<LI>Call Chain = bsp_KeyScan &rArr; bsp_DetectKey
</UL>
<BR>[Calls]<UL><LI><a href="#[ce]">&gt;&gt;</a>&nbsp;&nbsp;&nbsp;bsp_DetectKey
</UL>
<BR>[Called By]<UL><LI><a href="#[96]">&gt;&gt;</a>&nbsp;&nbsp;&nbsp;bsp_RunPer10ms
</UL>

<P><STRONG><a name="[de]"></a>bsp_LedOff</STRONG> (Thumb, 60 bytes, Stack size 8 bytes, bsp_led.o(i.bsp_LedOff))
<BR><BR>[Stack]<UL><LI>Max Depth = 8<LI>Call Chain = bsp_LedOff
</UL>
<BR>[Calls]<UL><LI><a href="#[e1]">&gt;&gt;</a>&nbsp;&nbsp;&nbsp;HC574_SetPin
</UL>
<BR>[Called By]<UL><LI><a href="#[d7]">&gt;&gt;</a>&nbsp;&nbsp;&nbsp;bsp_InitLed
</UL>

<P><STRONG><a name="[cf]"></a>bsp_PutKey</STRONG> (Thumb, 28 bytes, Stack size 0 bytes, bsp_key.o(i.bsp_PutKey))
<BR><BR>[Called By]<UL><LI><a href="#[ce]">&gt;&gt;</a>&nbsp;&nbsp;&nbsp;bsp_DetectKey
</UL>

<P><STRONG><a name="[96]"></a>bsp_RunPer10ms</STRONG> (Thumb, 8 bytes, Stack size 8 bytes, bsp.o(i.bsp_RunPer10ms))
<BR><BR>[Stack]<UL><LI>Max Depth = 32<LI>Call Chain = bsp_RunPer10ms &rArr; bsp_KeyScan &rArr; bsp_DetectKey
</UL>
<BR>[Calls]<UL><LI><a href="#[e0]">&gt;&gt;</a>&nbsp;&nbsp;&nbsp;bsp_KeyScan
</UL>
<BR>[Called By]<UL><LI><a href="#[93]">&gt;&gt;</a>&nbsp;&nbsp;&nbsp;SysTick_ISR
</UL>

<P><STRONG><a name="[95]"></a>bsp_RunPer1ms</STRONG> (Thumb, 2 bytes, Stack size 0 bytes, bsp.o(i.bsp_RunPer1ms))
<BR><BR>[Called By]<UL><LI><a href="#[93]">&gt;&gt;</a>&nbsp;&nbsp;&nbsp;SysTick_ISR
</UL>

<P><STRONG><a name="[9f]"></a>bsp_StartAutoTimer</STRONG> (Thumb, 84 bytes, Stack size 16 bytes, bsp_timer.o(i.bsp_StartAutoTimer))
<BR><BR>[Stack]<UL><LI>Max Depth = 40<LI>Call Chain = bsp_StartAutoTimer &rArr; __2printf
</UL>
<BR>[Calls]<UL><LI><a href="#[e2]">&gt;&gt;</a>&nbsp;&nbsp;&nbsp;__set_PRIMASK
<LI><a href="#[9b]">&gt;&gt;</a>&nbsp;&nbsp;&nbsp;__2printf
</UL>
<BR>[Called By]<UL><LI><a href="#[9c]">&gt;&gt;</a>&nbsp;&nbsp;&nbsp;TCPnetTest
</UL>

<P><STRONG><a name="[e3]"></a>calc_chksum16be</STRONG> (Thumb, 18 bytes, Stack size 4 bytes, at_lib.o(i.calc_chksum16be))
<BR><BR>[Stack]<UL><LI>Max Depth = 4<LI>Call Chain = calc_chksum16be
</UL>
<BR>[Calls]<UL><LI><a href="#[e4]">&gt;&gt;</a>&nbsp;&nbsp;&nbsp;chksum16_buf
</UL>
<BR>[Called By]<UL><LI><a href="#[10b]">&gt;&gt;</a>&nbsp;&nbsp;&nbsp;icmp_send_message
<LI><a href="#[103]">&gt;&gt;</a>&nbsp;&nbsp;&nbsp;icmp_process
<LI><a href="#[117]">&gt;&gt;</a>&nbsp;&nbsp;&nbsp;ip_get_chksum
</UL>

<P><STRONG><a name="[e4]"></a>chksum16_buf</STRONG> (Thumb, 40 bytes, Stack size 0 bytes, at_lib.o(i.chksum16_buf))
<BR><BR>[Called By]<UL><LI><a href="#[fb]">&gt;&gt;</a>&nbsp;&nbsp;&nbsp;udp_send
<LI><a href="#[135]">&gt;&gt;</a>&nbsp;&nbsp;&nbsp;tcp_write
<LI><a href="#[102]">&gt;&gt;</a>&nbsp;&nbsp;&nbsp;udp_process
<LI><a href="#[105]">&gt;&gt;</a>&nbsp;&nbsp;&nbsp;tcp_process
<LI><a href="#[e3]">&gt;&gt;</a>&nbsp;&nbsp;&nbsp;calc_chksum16be
</UL>

<P><STRONG><a name="[131]"></a>chksum16_val</STRONG> (Thumb, 10 bytes, Stack size 0 bytes, at_lib.o(i.chksum16_val))
<BR><BR>[Called By]<UL><LI><a href="#[fb]">&gt;&gt;</a>&nbsp;&nbsp;&nbsp;udp_send
<LI><a href="#[135]">&gt;&gt;</a>&nbsp;&nbsp;&nbsp;tcp_write
<LI><a href="#[102]">&gt;&gt;</a>&nbsp;&nbsp;&nbsp;udp_process
<LI><a href="#[105]">&gt;&gt;</a>&nbsp;&nbsp;&nbsp;tcp_process
</UL>

<P><STRONG><a name="[122]"></a>dhcp_cbfunc</STRONG> (Thumb, 2 bytes, Stack size 0 bytes, at_dhcp.o(i.dhcp_cbfunc))
<BR><BR>[Called By]<UL><LI><a href="#[f4]">&gt;&gt;</a>&nbsp;&nbsp;&nbsp;proc_opt_req
</UL>

<P><STRONG><a name="[ed]"></a>dhcp_init</STRONG> (Thumb, 128 bytes, Stack size 16 bytes, at_dhcp.o(i.dhcp_init))
<BR><BR>[Stack]<UL><LI>Max Depth = 40<LI>Call Chain = dhcp_init &rArr; udp_open &rArr; udp_port_in_use
</UL>
<BR>[Calls]<UL><LI><a href="#[b4]">&gt;&gt;</a>&nbsp;&nbsp;&nbsp;__error__
<LI><a href="#[b5]">&gt;&gt;</a>&nbsp;&nbsp;&nbsp;__debug__
<LI><a href="#[ef]">&gt;&gt;</a>&nbsp;&nbsp;&nbsp;udp_open
<LI><a href="#[ee]">&gt;&gt;</a>&nbsp;&nbsp;&nbsp;udp_get_socket
<LI><a href="#[f0]">&gt;&gt;</a>&nbsp;&nbsp;&nbsp;mem_set
<LI><a href="#[f1]">&gt;&gt;</a>&nbsp;&nbsp;&nbsp;get_rnd32
<LI><a href="#[c0]">&gt;&gt;</a>&nbsp;&nbsp;&nbsp;mem_copy
</UL>
<BR>[Called By]<UL><LI><a href="#[10e]">&gt;&gt;</a>&nbsp;&nbsp;&nbsp;init_system
</UL>

<P><STRONG><a name="[f6]"></a>dhcp_run_client</STRONG> (Thumb, 706 bytes, Stack size 32 bytes, at_dhcp.o(i.dhcp_run_client))
<BR><BR>[Stack]<UL><LI>Max Depth = 240<LI>Call Chain = dhcp_run_client &rArr; dhcp_send_message &rArr; udp_send &rArr; ip_send_frame &rArr; eth_send_frame &rArr; arp_cache_find &rArr; arp_send_request &rArr; debug_info
</UL>
<BR>[Calls]<UL><LI><a href="#[b4]">&gt;&gt;</a>&nbsp;&nbsp;&nbsp;__error__
<LI><a href="#[b5]">&gt;&gt;</a>&nbsp;&nbsp;&nbsp;__debug__
<LI><a href="#[c7]">&gt;&gt;</a>&nbsp;&nbsp;&nbsp;arp_probe
<LI><a href="#[c6]">&gt;&gt;</a>&nbsp;&nbsp;&nbsp;arp_notify
<LI><a href="#[f3]">&gt;&gt;</a>&nbsp;&nbsp;&nbsp;dhcp_send_message
<LI><a href="#[e7]">&gt;&gt;</a>&nbsp;&nbsp;&nbsp;debug_inf2
<LI><a href="#[be]">&gt;&gt;</a>&nbsp;&nbsp;&nbsp;nrd_u32be
<LI><a href="#[f0]">&gt;&gt;</a>&nbsp;&nbsp;&nbsp;mem_set
<LI><a href="#[f1]">&gt;&gt;</a>&nbsp;&nbsp;&nbsp;get_rnd32
<LI><a href="#[c0]">&gt;&gt;</a>&nbsp;&nbsp;&nbsp;mem_copy
</UL>
<BR>[Called By]<UL><LI><a href="#[11f]">&gt;&gt;</a>&nbsp;&nbsp;&nbsp;run_system
</UL>

<P><STRONG><a name="[fc]"></a>eth_chk_adr</STRONG> (Thumb, 10 bytes, Stack size 0 bytes, at_ethernet.o(i.eth_chk_adr))
<BR><BR>[Stack]<UL><LI>Max Depth = 8<LI>Call Chain = eth_chk_adr &rArr; mem_comp
</UL>
<BR>[Calls]<UL><LI><a href="#[bb]">&gt;&gt;</a>&nbsp;&nbsp;&nbsp;mem_comp
</UL>
<BR>[Called By]<UL><LI><a href="#[101]">&gt;&gt;</a>&nbsp;&nbsp;&nbsp;ip_chk_frame
</UL>

<P><STRONG><a name="[fd]"></a>eth_init_link</STRONG> (Thumb, 48 bytes, Stack size 8 bytes, at_ethernet.o(i.eth_init_link))
<BR><BR>[Stack]<UL><LI>Max Depth = 76<LI>Call Chain = eth_init_link &rArr; init_ethernet &rArr; Eth_Link_EXTIConfig &rArr; GPIO_Init
</UL>
<BR>[Calls]<UL><LI><a href="#[b5]">&gt;&gt;</a>&nbsp;&nbsp;&nbsp;__debug__
<LI><a href="#[ff]">&gt;&gt;</a>&nbsp;&nbsp;&nbsp;mem_crc32
<LI><a href="#[c5]">&gt;&gt;</a>&nbsp;&nbsp;&nbsp;arp_init
<LI><a href="#[b7]">&gt;&gt;</a>&nbsp;&nbsp;&nbsp;int_enable_eth
<LI><a href="#[b6]">&gt;&gt;</a>&nbsp;&nbsp;&nbsp;int_disable_eth
<LI><a href="#[fe]">&gt;&gt;</a>&nbsp;&nbsp;&nbsp;init_ethernet
</UL>
<BR>[Called By]<UL><LI><a href="#[10e]">&gt;&gt;</a>&nbsp;&nbsp;&nbsp;init_system
</UL>

<P><STRONG><a name="[100]"></a>eth_run_link</STRONG> (Thumb, 216 bytes, Stack size 16 bytes, at_ethernet.o(i.eth_run_link))
<BR><BR>[Stack]<UL><LI>Max Depth = 240<LI>Call Chain = eth_run_link &rArr; tcp_process &rArr; tcp_send_reset &rArr; tcp_write &rArr; ip_send_frame &rArr; eth_send_frame &rArr; arp_cache_find &rArr; arp_send_request &rArr; debug_info
</UL>
<BR>[Calls]<UL><LI><a href="#[b5]">&gt;&gt;</a>&nbsp;&nbsp;&nbsp;__debug__
<LI><a href="#[104]">&gt;&gt;</a>&nbsp;&nbsp;&nbsp;igmp_process
<LI><a href="#[c9]">&gt;&gt;</a>&nbsp;&nbsp;&nbsp;arp_process
<LI><a href="#[c4]">&gt;&gt;</a>&nbsp;&nbsp;&nbsp;arp_cache_update
[...]
<LI><a href="#[109]">&gt;&gt;</a>&nbsp;&nbsp;&nbsp;ip_send_frame
<LI><a href="#[7c]">&gt;&gt;</a>&nbsp;&nbsp;&nbsp;alloc_mem
</UL>
<BR>[Called By]<UL><LI><a href="#[10a]">&gt;&gt;</a>&nbsp;&nbsp;&nbsp;icmp_run_engine
</UL>

<P><STRONG><a name="[e5]"></a>debug_inf2</STRONG> (Thumb, 172 bytes, Stack size 64 bytes, at_tcp.o(i.debug_inf2))
<BR><BR>[Stack]<UL><LI>Max Depth = 72<LI>Call Chain = debug_inf2 &rArr; mem_copy
</UL>
<BR>[Calls]<UL><LI><a href="#[b5]">&gt;&gt;</a>&nbsp;&nbsp;&nbsp;__debug__
<LI><a href="#[be]">&gt;&gt;</a>&nbsp;&nbsp;&nbsp;nrd_u32be
<LI><a href="#[e6]">&gt;&gt;</a>&nbsp;&nbsp;&nbsp;nrd_u16be
<LI><a href="#[c0]">&gt;&gt;</a>&nbsp;&nbsp;&nbsp;mem_copy
</UL>
<BR>[Called By]<UL><LI><a href="#[135]">&gt;&gt;</a>&nbsp;&nbsp;&nbsp;tcp_write
<LI><a href="#[105]">&gt;&gt;</a>&nbsp;&nbsp;&nbsp;tcp_process
</UL>

<P><STRONG><a name="[ea]"></a>debug_info</STRONG> (Thumb, 32 bytes, Stack size 8 bytes, at_tcp.o(i.debug_info))
<BR><BR>[Stack]<UL><LI>Max Depth = 8<LI>Call Chain = debug_info
</UL>
<BR>[Calls]<UL><LI><a href="#[b5]">&gt;&gt;</a>&nbsp;&nbsp;&nbsp;__debug__
</UL>
<BR>[Called By]<UL><LI><a href="#[12f]">&gt;&gt;</a>&nbsp;&nbsp;&nbsp;tcp_proc_acknr
<LI><a href="#[105]">&gt;&gt;</a>&nbsp;&nbsp;&nbsp;tcp_process
</UL>

<P><STRONG><a name="[127]"></a>tcp_map_socket</STRONG> (Thumb, 160 bytes, Stack size 24 bytes, at_tcp.o(i.tcp_map_socket))
<BR><BR>[Stack]<UL><LI>Max Depth = 32<LI>Call Chain = tcp_map_socket &rArr; mem_copy
</UL>
<BR>[Calls]<UL><LI><a href="#[b4]">&gt;&gt;</a>&nbsp;&nbsp;&nbsp;__error__
<LI><a href="#[c0]">&gt;&gt;</a>&nbsp;&nbsp;&nbsp;mem_copy
<LI><a href="#[bb]">&gt;&gt;</a>&nbsp;&nbsp;&nbsp;mem_comp
</UL>
<BR>[Called By]<UL><LI><a href="#[105]">&gt;&gt;</a>&nbsp;&nbsp;&nbsp;tcp_process
</UL>

<P><STRONG><a name="[128]"></a>tcp_parse_opt</STRONG> (Thumb, 122 bytes, Stack size 32 bytes, at_tcp.o(i.tcp_parse_opt))
<BR><BR>[Stack]<UL><LI>Max Depth = 32<LI>Call Chain = tcp_parse_opt
</UL>
<BR>[Calls]<UL><LI><a href="#[b5]">&gt;&gt;</a>&nbsp;&nbsp;&nbsp;__debug__
</UL>
<BR>[Called By]<UL><LI><a href="#[105]">&gt;&gt;</a>&nbsp;&nbsp;&nbsp;tcp_process
</UL>

<P><STRONG><a name="[12f]"></a>tcp_proc_acknr</STRONG> (Thumb, 226 bytes, Stack size 24 bytes, at_tcp.o(i.tcp_proc_acknr))
<BR><BR>[Stack]<UL><LI>Max Depth = 48<LI>Call Chain = tcp_proc_acknr &rArr; free_mem
</UL>
<BR>[Calls]<UL><LI><a href="#[b5]">&gt;&gt;</a>&nbsp;&nbsp;&nbsp;__debug__
<LI><a href="#[ea]">&gt;&gt;</a>&nbsp;&nbsp;&nbsp;debug_info
<LI><a href="#[cd]">&gt;&gt;</a>&nbsp;&nbsp;&nbsp;free_mem
</UL>
<BR>[Called By]<UL><LI><a href="#[105]">&gt;&gt;</a>&nbsp;&nbsp;&nbsp;tcp_process
</UL>

<P><STRONG><a name="[130]"></a>tcp_proc_dupack</STRONG> (Thumb, 132 bytes, Stack size 8 bytes, at_tcp.o(i.tcp_proc_dupack))
<BR><BR>[Stack]<UL><LI>Max Depth = 8<LI>Call Chain = tcp_proc_dupack
</UL>
<BR>[Calls]<UL><LI><a href="#[b5]">&gt;&gt;</a>&nbsp;&nbsp;&nbsp;__debug__
<LI><a href="#[12c]">&gt;&gt;</a>&nbsp;&nbsp;&nbsp;tcp_que_init
</UL>
<BR>[Called By]<UL><LI><a href="#[105]">&gt;&gt;</a>&nbsp;&nbsp;&nbsp;tcp_process
</UL>

<P><STRONG><a name="[12d]"></a>tcp_que_free</STRONG> (Thumb, 26 bytes, Stack size 8 bytes, at_tcp.o(i.tcp_que_free))
<BR><BR>[Stack]<UL><LI>Max Depth = 32<LI>Call Chain = tcp_que_free &rArr; free_mem
</UL>
<BR>[Calls]<UL><LI><a href="#[cd]">&gt;&gt;</a>&nbsp;&nbsp;&nbsp;free_mem
</UL>
<BR>[Called By]<UL><LI><a href="#[125]">&gt;&gt;</a>&nbsp;&nbsp;&nbsp;tcp_poll_sockets
<LI><a href="#[12e]">&gt;&gt;</a>&nbsp;&nbsp;&nbsp;tcp_transit
</UL>

<P><STRONG><a name="[12c]"></a>tcp_que_init</STRONG> (Thumb, 26 bytes, Stack size 0 bytes, at_tcp.o(i.tcp_que_init))
<BR><BR>[Called By]<UL><LI><a href="#[125]">&gt;&gt;</a>&nbsp;&nbsp;&nbsp;tcp_poll_sockets
<LI><a href="#[130]">&gt;&gt;</a>&nbsp;&nbsp;&nbsp;tcp_proc_dupack
</UL>

<P><STRONG><a name="[12a]"></a>tcp_que_resend</STRONG> (Thumb, 170 bytes, Stack size 24 bytes, at_tcp.o(i.tcp_que_resend))
<BR><BR>[Stack]<UL><LI>Max Depth = 200<LI>Call Chain = tcp_que_resend &rArr; tcp_send_data &rArr; tcp_write &rArr; ip_send_frame &rArr; eth_send_frame &rArr; arp_cache_find &rArr; arp_send_request &rArr; debug_info
</UL>
<BR>[Calls]<UL><LI><a href="#[b5]">&gt;&gt;</a>&nbsp;&nbsp;&nbsp;__debug__
<LI><a href="#[134]">&gt;&gt;</a>&nbsp;&nbsp;&nbsp;tcp_send_data
<LI><a href="#[129]">&gt;&gt;</a>&nbsp;&nbsp;&nbsp;tcp_send_ctrl
</UL>
<BR>[Called By]<UL><LI><a href="#[125]">&gt;&gt;</a>&nbsp;&nbsp;&nbsp;tcp_poll_sockets
</UL>

<P><STRONG><a name="[129]"></a>tcp_send_ctrl</STRONG> (Thumb, 116 bytes, Stack size 16 bytes, at_tcp.o(i.tcp_send_ctrl))
<BR><BR>[Stack]<UL><LI>Max Depth = 176<LI>Call Chain = tcp_send_ctrl &rArr; tcp_write &rArr; ip_send_frame &rArr; eth_send_frame &rArr; arp_cache_find &rArr; arp_send_request &rArr; debug_info
</UL>
<BR>[Calls]<UL><LI><a href="#[b5]">&gt;&gt;</a>&nbsp;&nbsp;&nbsp;__debug__
<LI><a href="#[135]">&gt;&gt;</a>&nbsp;&nbsp;&nbsp;tcp_write
<LI><a href="#[cd]">&gt;&gt;</a>&nbsp;&nbsp;&nbsp;free_mem
<LI><a href="#[7c]">&gt;&gt;</a>&nbsp;&nbsp;&nbsp;alloc_mem
</UL>
<BR>[Called By]<UL><LI><a href="#[125]">&gt;&gt;</a>&nbsp;&nbsp;&nbsp;tcp_poll_sockets
<LI><a href="#[12a]">&gt;&gt;</a>&nbsp;&nbsp;&nbsp;tcp_que_resend
<LI><a href="#[105]">&gt;&gt;</a>&nbsp;&nbsp;&nbsp;tcp_process
</UL>

<P><STRONG><a name="[134]"></a>tcp_send_data</STRONG> (Thumb, 96 bytes, Stack size 16 bytes, at_tcp.o(i.tcp_send_data))
<BR><BR>[Stack]<UL><LI>Max Depth = 176<LI>Call Chain = tcp_send_data &rArr; tcp_write &rArr; ip_send_frame &rArr; eth_send_frame &rArr; arp_cache_find &rArr; arp_send_request &rArr; debug_info
</UL>
<BR>[Calls]<UL><LI><a href="#[b5]">&gt;&gt;</a>&nbsp;&nbsp;&nbsp;__debug__
<LI><a href="#[135]">&gt;&gt;</a>&nbsp;&nbsp;&nbsp;tcp_write
</UL>
<BR>[Called By]<UL><LI><a href="#[a5]">&gt;&gt;</a>&nbsp;&nbsp;&nbsp;tcp_send
<LI><a href="#[12a]">&gt;&gt;</a>&nbsp;&nbsp;&nbsp;tcp_que_resend
</UL>

<P><STRONG><a name="[132]"></a>tcp_send_reset</STRONG> (Thumb, 112 bytes, Stack size 24 bytes, at_tcp.o(i.tcp_send_reset))
<BR><BR>[Stack]<UL><LI>Max Depth = 184<LI>Call Chain = tcp_send_reset &rArr; tcp_write &rArr; ip_send_frame &rArr; eth_send_frame &rArr; arp_cache_find &rArr; arp_send_request &rArr; debug_info
</UL>
<BR>[Calls]<UL><LI><a href="#[b5]">&gt;&gt;</a>&nbsp;&nbsp;&nbsp;__debug__
<LI><a href="#[be]">&gt;&gt;</a>&nbsp;&nbsp;&nbsp;nrd_u32be
<LI><a href="#[135]">&gt;&gt;</a>&nbsp;&nbsp;&nbsp;tcp_write
<LI><a href="#[cd]">&gt;&gt;</a>&nbsp;&nbsp;&nbsp;free_mem
<LI><a href="#[7c]">&gt;&gt;</a>&nbsp;&nbsp;&nbsp;alloc_mem
</UL>
<BR>[Called By]<UL><LI><a href="#[105]">&gt;&gt;</a>&nbsp;&nbsp;&nbsp;tcp_process
</UL>

<P><STRONG><a name="[133]"></a>tcp_set_cwnd</STRONG> (Thumb, 48 bytes, Stack size 0 bytes, at_tcp.o(i.tcp_set_cwnd))
<BR><BR>[Calls]<UL><LI><a href="#[b5]">&gt;&gt;</a>&nbsp;&nbsp;&nbsp;__debug__
</UL>
<BR>[Called By]<UL><LI><a href="#[105]">&gt;&gt;</a>&nbsp;&nbsp;&nbsp;tcp_process
</UL>

<P><STRONG><a name="[12e]"></a>tcp_transit</STRONG> (Thumb, 100 bytes, Stack size 8 bytes, at_tcp.o(i.tcp_transit))
<BR><BR>[Stack]<UL><LI>Max Depth = 40<LI>Call Chain = tcp_transit &rArr; tcp_que_free &rArr; free_mem
</UL>
<BR>[Calls]<UL><LI><a href="#[12d]">&gt;&gt;</a>&nbsp;&nbsp;&nbsp;tcp_que_free
</UL>
<BR>[Called By]<UL><LI><a href="#[125]">&gt;&gt;</a>&nbsp;&nbsp;&nbsp;tcp_poll_sockets
<LI><a href="#[105]">&gt;&gt;</a>&nbsp;&nbsp;&nbsp;tcp_process
</UL>

<P><STRONG><a name="[135]"></a>tcp_write</STRONG> (Thumb, 198 bytes, Stack size 24 bytes, at_tcp.o(i.tcp_write))
<BR><BR>[Stack]<UL><LI>Max Depth = 160<LI>Call Chain = tcp_write &rArr; ip_send_frame &rArr; eth_send_frame &rArr; arp_cache_find &rArr; arp_send_request &rArr; debug_info
</UL>
<BR>[Calls]<UL><LI><a href="#[f8]">&gt;&gt;</a>&nbsp;&nbsp;&nbsp;nwr_u32be
<LI><a href="#[131]">&gt;&gt;</a>&nbsp;&nbsp;&nbsp;chksum16_val
<LI><a href="#[e4]">&gt;&gt;</a>&nbsp;&nbsp;&nbsp;chksum16_buf
<LI><a href="#[e5]">&gt;&gt;</a>&nbsp;&nbsp;&nbsp;debug_inf2
<LI><a href="#[109]">&gt;&gt;</a>&nbsp;&nbsp;&nbsp;ip_send_frame
<LI><a href="#[118]">&gt;&gt;</a>&nbsp;&nbsp;&nbsp;ip_get_locadr
</UL>
<BR>[Called By]<UL><LI><a href="#[132]">&gt;&gt;</a>&nbsp;&nbsp;&nbsp;tcp_send_reset
<LI><a href="#[134]">&gt;&gt;</a>&nbsp;&nbsp;&nbsp;tcp_send_data
<LI><a href="#[129]">&gt;&gt;</a>&nbsp;&nbsp;&nbsp;tcp_send_ctrl
</UL>

<P><STRONG><a name="[eb]"></a>debug_info</STRONG> (Thumb, 64 bytes, Stack size 8 bytes, at_udp.o(i.debug_info))
<BR><BR>[Stack]<UL><LI>Max Depth = 8<LI>Call Chain = debug_info
</UL>
<BR>[Calls]<UL><LI><a href="#[b5]">&gt;&gt;</a>&nbsp;&nbsp;&nbsp;__debug__
</UL>
<BR>[Called By]<UL><LI><a href="#[fb]">&gt;&gt;</a>&nbsp;&nbsp;&nbsp;udp_send
<LI><a href="#[102]">&gt;&gt;</a>&nbsp;&nbsp;&nbsp;udp_process
</UL>

<P><STRONG><a name="[138]"></a>udp_port_in_use</STRONG> (Thumb, 40 bytes, Stack size 8 bytes, at_udp.o(i.udp_port_in_use))
<BR><BR>[Stack]<UL><LI>Max Depth = 8<LI>Call Chain = udp_port_in_use
</UL>
<BR>[Called By]<UL><LI><a href="#[ef]">&gt;&gt;</a>&nbsp;&nbsp;&nbsp;udp_open
</UL>

<P><STRONG><a name="[76]"></a>nbns_listener</STRONG> (Thumb, 400 bytes, Stack size 48 bytes, at_nbns.o(i.nbns_listener))
<BR><BR>[Stack]<UL><LI>Max Depth = 216<LI>Call Chain = nbns_listener &rArr; udp_send &rArr; ip_send_frame &rArr; eth_send_frame &rArr; arp_cache_find &rArr; arp_send_request &rArr; debug_info
</UL>
<BR>[Calls]<UL><LI><a href="#[b4]">&gt;&gt;</a>&nbsp;&nbsp;&nbsp;__error__
<LI><a href="#[b5]">&gt;&gt;</a>&nbsp;&nbsp;&nbsp;__debug__
<LI><a href="#[121]">&gt;&gt;</a>&nbsp;&nbsp;&nbsp;str_up_case
<LI><a href="#[fb]">&gt;&gt;</a>&nbsp;&nbsp;&nbsp;udp_send
<LI><a href="#[f7]">&gt;&gt;</a>&nbsp;&nbsp;&nbsp;udp_get_buf
<LI><a href="#[c0]">&gt;&gt;</a>&nbsp;&nbsp;&nbsp;mem_copy
<LI><a href="#[bb]">&gt;&gt;</a>&nbsp;&nbsp;&nbsp;mem_comp
<LI><a href="#[cd]">&gt;&gt;</a>&nbsp;&nbsp;&nbsp;free_mem
<LI><a href="#[7c]">&gt;&gt;</a>&nbsp;&nbsp;&nbsp;alloc_mem
</UL>
<BR>[Address Reference Count : 1]<UL><LI> at_nbns.o(i.nbns_init)
</UL>
<P><STRONG><a name="[e7]"></a>debug_inf2</STRONG> (Thumb, 26 bytes, Stack size 24 bytes, at_dhcp.o(i.debug_inf2))
<BR><BR>[Stack]<UL><LI>Max Depth = 24<LI>Call Chain = debug_inf2
</UL>
<BR>[Calls]<UL><LI><a href="#[b5]">&gt;&gt;</a>&nbsp;&nbsp;&nbsp;__debug__
</UL>
<BR>[Called By]<UL><LI><a href="#[f6]">&gt;&gt;</a>&nbsp;&nbsp;&nbsp;dhcp_run_client
<LI><a href="#[f4]">&gt;&gt;</a>&nbsp;&nbsp;&nbsp;proc_opt_req
<LI><a href="#[75]">&gt;&gt;</a>&nbsp;&nbsp;&nbsp;dhcp_listener
</UL>

<P><STRONG><a name="[75]"></a>dhcp_listener</STRONG> (Thumb, 712 bytes, Stack size 56 bytes, at_dhcp.o(i.dhcp_listener))
<BR><BR>[Stack]<UL><LI>Max Depth = 264<LI>Call Chain = dhcp_listener &rArr; dhcp_send_message &rArr; udp_send &rArr; ip_send_frame &rArr; eth_send_frame &rArr; arp_cache_find &rArr; arp_send_request &rArr; debug_info
</UL>
<BR>[Calls]<UL><LI><a href="#[b4]">&gt;&gt;</a>&nbsp;&nbsp;&nbsp;__error__
<LI><a href="#[b5]">&gt;&gt;</a>&nbsp;&nbsp;&nbsp;__debug__
<LI><a href="#[c6]">&gt;&gt;</a>&nbsp;&nbsp;&nbsp;arp_notify
<LI><a href="#[f2]">&gt;&gt;</a>&nbsp;&nbsp;&nbsp;proc_opt_sel
<LI><a href="#[f4]">&gt;&gt;</a>&nbsp;&nbsp;&nbsp;proc_opt_req
<LI><a href="#[f5]">&gt;&gt;</a>&nbsp;&nbsp;&nbsp;proc_opt_renew
<LI><a href="#[f3]">&gt;&gt;</a>&nbsp;&nbsp;&nbsp;dhcp_send_message
<LI><a href="#[e7]">&gt;&gt;</a>&nbsp;&nbsp;&nbsp;debug_inf2
<LI><a href="#[be]">&gt;&gt;</a>&nbsp;&nbsp;&nbsp;nrd_u32be
<LI><a href="#[f0]">&gt;&gt;</a>&nbsp;&nbsp;&nbsp;mem_set
<LI><a href="#[c0]">&gt;&gt;</a>&nbsp;&nbsp;&nbsp;mem_copy
<LI><a href="#[bb]">&gt;&gt;</a>&nbsp;&nbsp;&nbsp;mem_comp
</UL>
<BR>[Address Reference Count : 1]<UL><LI> at_dhcp.o(i.dhcp_init)
</UL>
<P><STRONG><a name="[f3]"></a>dhcp_send_message</STRONG> (Thumb, 538 bytes, Stack size 40 bytes, at_dhcp.o(i.dhcp_send_message))
<BR><BR>[Stack]<UL><LI>Max Depth = 208<LI>Call Chain = dhcp_send_message &rArr; udp_send &rArr; ip_send_frame &rArr; eth_send_frame &rArr; arp_cache_find &rArr; arp_send_request &rArr; debug_info
</UL>
<BR>[Calls]<UL><LI><a href="#[b5]">&gt;&gt;</a>&nbsp;&nbsp;&nbsp;__debug__
<LI><a href="#[fa]">&gt;&gt;</a>&nbsp;&nbsp;&nbsp;str_copy
<LI><a href="#[f9]">&gt;&gt;</a>&nbsp;&nbsp;&nbsp;nwr_u16be
<LI><a href="#[fb]">&gt;&gt;</a>&nbsp;&nbsp;&nbsp;udp_send
<LI><a href="#[f7]">&gt;&gt;</a>&nbsp;&nbsp;&nbsp;udp_get_buf
<LI><a href="#[f8]">&gt;&gt;</a>&nbsp;&nbsp;&nbsp;nwr_u32be
<LI><a href="#[f0]">&gt;&gt;</a>&nbsp;&nbsp;&nbsp;mem_set
<LI><a href="#[c0]">&gt;&gt;</a>&nbsp;&nbsp;&nbsp;mem_copy
</UL>
<BR>[Called By]<UL><LI><a href="#[f6]">&gt;&gt;</a>&nbsp;&nbsp;&nbsp;dhcp_run_client
<LI><a href="#[75]">&gt;&gt;</a>&nbsp;&nbsp;&nbsp;dhcp_listener
</UL>

<P><STRONG><a name="[f5]"></a>proc_opt_renew</STRONG> (Thumb, 98 bytes, Stack size 16 bytes, at_dhcp.o(i.proc_opt_renew))
<BR><BR>[Stack]<UL><LI>Max Depth = 16<LI>Call Chain = proc_opt_renew
</UL>
<BR>[Calls]<UL><LI><a href="#[be]">&gt;&gt;</a>&nbsp;&nbsp;&nbsp;nrd_u32be
</UL>
<BR>[Called By]<UL><LI><a href="#[75]">&gt;&gt;</a>&nbsp;&nbsp;&nbsp;dhcp_listener
</UL>

<P><STRONG><a name="[f4]"></a>proc_opt_req</STRONG> (Thumb, 340 bytes, Stack size 40 bytes, at_dhcp.o(i.proc_opt_req))
<BR><BR>[Stack]<UL><LI>Max Depth = 64<LI>Call Chain = proc_opt_req &rArr; debug_inf2
</UL>
<BR>[Calls]<UL><LI><a href="#[b5]">&gt;&gt;</a>&nbsp;&nbsp;&nbsp;__debug__
<LI><a href="#[122]">&gt;&gt;</a>&nbsp;&nbsp;&nbsp;dhcp_cbfunc
<LI><a href="#[e7]">&gt;&gt;</a>&nbsp;&nbsp;&nbsp;debug_inf2
<LI><a href="#[be]">&gt;&gt;</a>&nbsp;&nbsp;&nbsp;nrd_u32be
<LI><a href="#[f0]">&gt;&gt;</a>&nbsp;&nbsp;&nbsp;mem_set
<LI><a href="#[c0]">&gt;&gt;</a>&nbsp;&nbsp;&nbsp;mem_copy
</UL>
<BR>[Called By]<UL><LI><a href="#[75]">&gt;&gt;</a>&nbsp;&nbsp;&nbsp;dhcp_listener
</UL>

<P><STRONG><a name="[f2]"></a>proc_opt_sel</STRONG> (Thumb, 48 bytes, Stack size 16 bytes, at_dhcp.o(i.proc_opt_sel))
<BR><BR>[Stack]<UL><LI>Max Depth = 24<LI>Call Chain = proc_opt_sel &rArr; mem_copy
</UL>
<BR>[Calls]<UL><LI><a href="#[c0]">&gt;&gt;</a>&nbsp;&nbsp;&nbsp;mem_copy
</UL>
<BR>[Called By]<UL><LI><a href="#[75]">&gt;&gt;</a>&nbsp;&nbsp;&nbsp;dhcp_listener
</UL>

<P><STRONG><a name="[ec]"></a>debug_info</STRONG> (Thumb, 114 bytes, Stack size 24 bytes, at_ethernet.o(i.debug_info))
<BR><BR>[Stack]<UL><LI>Max Depth = 24<LI>Call Chain = debug_info
</UL>
<BR>[Calls]<UL><LI><a href="#[b5]">&gt;&gt;</a>&nbsp;&nbsp;&nbsp;__debug__
</UL>
<BR>[Called By]<UL><LI><a href="#[100]">&gt;&gt;</a>&nbsp;&nbsp;&nbsp;eth_run_link
<LI><a href="#[106]">&gt;&gt;</a>&nbsp;&nbsp;&nbsp;eth_send_frame
</UL>

<P><STRONG><a name="[bf]"></a>arp_cache_alloc</STRONG> (Thumb, 146 bytes, Stack size 24 bytes, at_arp.o(i.arp_cache_alloc))
<BR><BR>[Stack]<UL><LI>Max Depth = 24<LI>Call Chain = arp_cache_alloc
</UL>
<BR>[Calls]<UL><LI><a href="#[b4]">&gt;&gt;</a>&nbsp;&nbsp;&nbsp;__error__
</UL>
<BR>[Called By]<UL><LI><a href="#[c3]">&gt;&gt;</a>&nbsp;&nbsp;&nbsp;arp_cache_find
<LI><a href="#[c1]">&gt;&gt;</a>&nbsp;&nbsp;&nbsp;arp_cache_early
<LI><a href="#[b9]">&gt;&gt;</a>&nbsp;&nbsp;&nbsp;arp_cache_add
</UL>

<P><STRONG><a name="[ba]"></a>arp_is_cacheable</STRONG> (Thumb, 48 bytes, Stack size 0 bytes, at_arp.o(i.arp_is_cacheable))
<BR><BR>[Called By]<UL><LI><a href="#[c1]">&gt;&gt;</a>&nbsp;&nbsp;&nbsp;arp_cache_early
<LI><a href="#[b9]">&gt;&gt;</a>&nbsp;&nbsp;&nbsp;arp_cache_add
</UL>

<P><STRONG><a name="[c8]"></a>arp_proc_response</STRONG> (Thumb, 150 bytes, Stack size 32 bytes, at_arp.o(i.arp_proc_response))
<BR><BR>[Stack]<UL><LI>Max Depth = 40<LI>Call Chain = arp_proc_response &rArr; mem_copy
</UL>
<BR>[Calls]<UL><LI><a href="#[b4]">&gt;&gt;</a>&nbsp;&nbsp;&nbsp;__error__
<LI><a href="#[b5]">&gt;&gt;</a>&nbsp;&nbsp;&nbsp;__debug__
<LI><a href="#[c0]">&gt;&gt;</a>&nbsp;&nbsp;&nbsp;mem_copy
<LI><a href="#[bb]">&gt;&gt;</a>&nbsp;&nbsp;&nbsp;mem_comp
</UL>
<BR>[Called By]<UL><LI><a href="#[c9]">&gt;&gt;</a>&nbsp;&nbsp;&nbsp;arp_process
</UL>

<P><STRONG><a name="[cb]"></a>arp_send_reply</STRONG> (Thumb, 166 bytes, Stack size 24 bytes, at_arp.o(i.arp_send_reply))
<BR><BR>[Stack]<UL><LI>Max Depth = 56<LI>Call Chain = arp_send_reply &rArr; debug_info
</UL>
<BR>[Calls]<UL><LI><a href="#[b5]">&gt;&gt;</a>&nbsp;&nbsp;&nbsp;__debug__
<LI><a href="#[ca]">&gt;&gt;</a>&nbsp;&nbsp;&nbsp;debug_info
<LI><a href="#[c0]">&gt;&gt;</a>&nbsp;&nbsp;&nbsp;mem_copy
<LI><a href="#[cd]">&gt;&gt;</a>&nbsp;&nbsp;&nbsp;free_mem
<LI><a href="#[7c]">&gt;&gt;</a>&nbsp;&nbsp;&nbsp;alloc_mem
<LI><a href="#[cc]">&gt;&gt;</a>&nbsp;&nbsp;&nbsp;send_frame
</UL>
<BR>[Called By]<UL><LI><a href="#[c9]">&gt;&gt;</a>&nbsp;&nbsp;&nbsp;arp_process
</UL>

<P><STRONG><a name="[c2]"></a>arp_send_request</STRONG> (Thumb, 188 bytes, Stack size 24 bytes, at_arp.o(i.arp_send_request))
<BR><BR>[Stack]<UL><LI>Max Depth = 56<LI>Call Chain = arp_send_request &rArr; debug_info
</UL>
<BR>[Calls]<UL><LI><a href="#[b5]">&gt;&gt;</a>&nbsp;&nbsp;&nbsp;__debug__
<LI><a href="#[ca]">&gt;&gt;</a>&nbsp;&nbsp;&nbsp;debug_info
<LI><a href="#[c0]">&gt;&gt;</a>&nbsp;&nbsp;&nbsp;mem_copy
<LI><a href="#[cd]">&gt;&gt;</a>&nbsp;&nbsp;&nbsp;free_mem
<LI><a href="#[7c]">&gt;&gt;</a>&nbsp;&nbsp;&nbsp;alloc_mem
<LI><a href="#[cc]">&gt;&gt;</a>&nbsp;&nbsp;&nbsp;send_frame
</UL>
<BR>[Called By]<UL><LI><a href="#[c4]">&gt;&gt;</a>&nbsp;&nbsp;&nbsp;arp_cache_update
<LI><a href="#[c3]">&gt;&gt;</a>&nbsp;&nbsp;&nbsp;arp_cache_find
<LI><a href="#[c1]">&gt;&gt;</a>&nbsp;&nbsp;&nbsp;arp_cache_early
<LI><a href="#[c7]">&gt;&gt;</a>&nbsp;&nbsp;&nbsp;arp_probe
<LI><a href="#[c6]">&gt;&gt;</a>&nbsp;&nbsp;&nbsp;arp_notify
</UL>

<P><STRONG><a name="[bc]"></a>debug_inf2</STRONG> (Thumb, 56 bytes, Stack size 24 bytes, at_arp.o(i.debug_inf2))
<BR><BR>[Stack]<UL><LI>Max Depth = 24<LI>Call Chain = debug_inf2
</UL>
<BR>[Calls]<UL><LI><a href="#[b5]">&gt;&gt;</a>&nbsp;&nbsp;&nbsp;__debug__
</UL>
<BR>[Called By]<UL><LI><a href="#[c4]">&gt;&gt;</a>&nbsp;&nbsp;&nbsp;arp_cache_update
<LI><a href="#[c3]">&gt;&gt;</a>&nbsp;&nbsp;&nbsp;arp_cache_find
<LI><a href="#[c1]">&gt;&gt;</a>&nbsp;&nbsp;&nbsp;arp_cache_early
<LI><a href="#[b9]">&gt;&gt;</a>&nbsp;&nbsp;&nbsp;arp_cache_add
</UL>

<P><STRONG><a name="[ca]"></a>debug_info</STRONG> (Thumb, 148 bytes, Stack size 32 bytes, at_arp.o(i.debug_info))
<BR><BR>[Stack]<UL><LI>Max Depth = 32<LI>Call Chain = debug_info
</UL>
<BR>[Calls]<UL><LI><a href="#[b5]">&gt;&gt;</a>&nbsp;&nbsp;&nbsp;__debug__
</UL>
<BR>[Called By]<UL><LI><a href="#[c2]">&gt;&gt;</a>&nbsp;&nbsp;&nbsp;arp_send_request
<LI><a href="#[cb]">&gt;&gt;</a>&nbsp;&nbsp;&nbsp;arp_send_reply
<LI><a href="#[c9]">&gt;&gt;</a>&nbsp;&nbsp;&nbsp;arp_process
</UL>

<P><STRONG><a name="[120]"></a>get_crc32</STRONG> (Thumb, 34 bytes, Stack size 8 bytes, at_lib.o(i.get_crc32))
<BR><BR>[Stack]<UL><LI>Max Depth = 8<LI>Call Chain = get_crc32
</UL>
<BR>[Called By]<UL><LI><a href="#[ff]">&gt;&gt;</a>&nbsp;&nbsp;&nbsp;mem_crc32
</UL>

<P><STRONG><a name="[af]"></a>_printf_core</STRONG> (Thumb, 748 bytes, Stack size 96 bytes, printf6.o(i._printf_core), UNUSED)
<BR><BR>[Calls]<UL><LI><a href="#[b2]">&gt;&gt;</a>&nbsp;&nbsp;&nbsp;__aeabi_uidivmod
<LI><a href="#[b1]">&gt;&gt;</a>&nbsp;&nbsp;&nbsp;_printf_pre_padding
<LI><a href="#[b3]">&gt;&gt;</a>&nbsp;&nbsp;&nbsp;_printf_post_padding
</UL>
<BR>[Called By]<UL><LI><a href="#[b0]">&gt;&gt;</a>&nbsp;&nbsp;&nbsp;__0sprintf$6
<LI><a href="#[ae]">&gt;&gt;</a>&nbsp;&nbsp;&nbsp;__0printf$6
</UL>

<P><STRONG><a name="[b3]"></a>_printf_post_padding</STRONG> (Thumb, 36 bytes, Stack size 24 bytes, printf6.o(i._printf_post_padding), UNUSED)
<BR><BR>[Called By]<UL><LI><a href="#[af]">&gt;&gt;</a>&nbsp;&nbsp;&nbsp;_printf_core
</UL>

<P><STRONG><a name="[b1]"></a>_printf_pre_padding</STRONG> (Thumb, 46 bytes, Stack size 24 bytes, printf6.o(i._printf_pre_padding), UNUSED)
<BR><BR>[Called By]<UL><LI><a href="#[af]">&gt;&gt;</a>&nbsp;&nbsp;&nbsp;_printf_core
</UL>

<P><STRONG><a name="[6a]"></a>_sputc</STRONG> (Thumb, 10 bytes, Stack size 0 bytes, printf6.o(i._sputc))
<BR><BR>[Called By]<UL><LI><a href="#[b0]">&gt;&gt;</a>&nbsp;&nbsp;&nbsp;__0sprintf$6
</UL>
<BR>[Address Reference Count : 1]<UL><LI> printf6.o(i.__0sprintf$6)
</UL><P>
<H3>
Undefined Global Symbols
</H3><HR></body></html>
